
> pocketey-japan@0.1.0 build
> astro build && node scripts/check-portal.mjs

09:48:57 [vite] Re-optimizing dependencies because vite config has changed
09:48:57 [content] Syncing content
09:48:57 [content] Synced content
09:48:57 [types] Generated 371ms
09:48:57 [build] output: "static"
09:48:57 [build] mode: "static"
09:48:57 [build] directory: /tmp/portal-published-integration/dist/
09:48:57 [build] Collecting build info...
09:48:57 [build] ✓ Completed in 424ms.
09:48:57 [build] Building static entrypoints...
09:49:00 [vite] ✓ built in 2.23s
09:49:00 [build] ✓ Completed in 2.28s.

 building client (vite)
09:49:00 [vite] transforming...
09:49:02 [vite] ✓ 28 modules transformed.
09:49:02 [vite] rendering chunks...
09:49:02 [vite] computing gzip size...
09:49:02 [vite] dist/_astro/BaseLayout.astro_astro_type_script_index_0_lang.f-Bx0cor.js     0.05 kB │ gzip:   0.07 kB
09:49:02 [vite] dist/_astro/locale.B1rKA6B7.js                                              1.48 kB │ gzip:   0.66 kB
09:49:02 [vite] dist/_astro/contact.astro_astro_type_script_index_0_lang.DVY2PwA7.js        3.99 kB │ gzip:   2.00 kB
09:49:02 [vite] dist/_astro/tilttrail.astro_astro_type_script_index_0_lang.BGztlYlg.js     17.59 kB │ gzip:   7.78 kB
09:49:02 [vite] dist/_astro/pulse-drift.astro_astro_type_script_index_0_lang.9y1OKS_g.js   20.38 kB │ gzip:   8.90 kB
09:49:02 [vite] dist/_astro/ActionGame.astro_astro_type_script_index_0_lang.Bo4RJtNV.js    33.24 kB │ gzip:  13.94 kB
09:49:02 [vite] dist/_astro/GLTFLoader.BbpR1A-s.js                                         49.59 kB │ gzip:  14.72 kB
09:49:02 [vite] dist/_astro/three.module.BGI-8e3K.js                                      641.62 kB │ gzip: 164.71 kB
09:49:02 [WARN] [vite]
(!) Some chunks are larger than 500 kB after minification. Consider:
- Using dynamic import() to code-split the application
- Use build.rollupOptions.output.manualChunks to improve chunking: https://rollupjs.org/configuration-options/#output-manualchunks
- Adjust chunk size limit for this warning via build.chunkSizeWarningLimit.
09:49:02 [vite] ✓ built in 2.69s

 generating static routes
09:49:02 ▶ src/pages/404.astro
09:49:02   └─ /404.html (+14ms)
09:49:02 ▶ src/pages/about/index.astro
09:49:02   └─ /about/index.html (+4ms)
09:49:02 ▶ src/pages/contact.astro
09:49:02   └─ /contact/index.html (+3ms)
09:49:02 ▶ src/pages/games/amber-step.astro
09:49:02   └─ /games/amber-step/index.html (+3ms)
09:49:02 ▶ src/pages/games/index.astro
09:49:02   └─ /games/index.html (+3ms)
09:49:02 ▶ src/pages/games/orbit-ribbon.astro
09:49:02   └─ /games/orbit-ribbon/index.html (+1ms)
09:49:02 ▶ src/pages/games/pulse-drift.astro
09:49:02   └─ /games/pulse-drift/index.html (+2ms)
09:49:02 ▶ src/pages/games/tilttrail.astro
09:49:02   └─ /games/tilttrail/index.html (+1ms)
09:49:02 ▶ src/pages/index.astro
09:49:02   └─ /index.html (+3ms)
09:49:02 ▶ src/pages/privacy/index.astro
09:49:02   └─ /privacy/index.html (+2ms)
09:49:02 ▶ /games/prototypes/tilttrail
09:49:02   └─ /games/prototypes/tilttrail/index.html (+1ms)
09:49:02 ▶ /prototypes/pulse-drift
09:49:02   └─ /prototypes/pulse-drift/index.html (+1ms)
09:49:02 ✓ Completed in 62ms.

09:49:03 [@astrojs/sitemap] `sitemap-index.xml` created at `dist`
09:49:03 [build] 10 page(s) built in 5.50s
09:49:03 [build] Complete!
Portal routes and retirement guard passed.
npm notice
npm notice New major version of npm available! 11.9.0 -> 12.2.0
npm notice Changelog: https://github.com/npm/cli/releases/tag/v12.2.0
npm notice To update run: npm install -g npm@12.2.0
npm notice
