
Running 6 tests using 1 worker

(node:39091) Warning: The 'NO_COLOR' env is ignored due to the 'FORCE_COLOR' env being set.
(Use `node --trace-warnings ...` to show where the warning was created)
amber touch {
  fps: 60.003158060950575,
  p95: 16.700000000000728,
  p99: 16.799999999999272,
  max: 16.80000000000291
}
  ✓  1 tests/games/browser.spec.ts:31:2 › amber-touch › three stages through normal input, unlock and persistence (45.4s)
  ✓  2 tests/games/browser.spec.ts:83:46 › amber: WebGL context loss freezes play until reload and preserves saved data (13.5s)
(node:39365) Warning: The 'NO_COLOR' env is ignored due to the 'FORCE_COLOR' env being set.
(Use `node --trace-warnings ...` to show where the warning was created)
amber touch {
  fps: 60.003158060950575,
  p95: 16.700000000000728,
  p99: 16.799999999999272,
  max: 16.80000000000291
}
  ✓  3 tests/games/browser.spec.ts:31:2 › amber-touch › three stages through normal input, unlock and persistence (45.9s)
  ✓  4 tests/games/browser.spec.ts:83:46 › amber: WebGL context loss freezes play until reload and preserves saved data (13.1s)
(node:39624) Warning: The 'NO_COLOR' env is ignored due to the 'FORCE_COLOR' env being set.
(Use `node --trace-warnings ...` to show where the warning was created)
amber touch {
  fps: 60.00126318448805,
  p95: 16.799999999999272,
  p99: 16.799999999999272,
  max: 16.80000000000291
}
  ✓  5 tests/games/browser.spec.ts:31:2 › amber-touch › three stages through normal input, unlock and persistence (45.5s)
  ✓  6 tests/games/browser.spec.ts:83:46 › amber: WebGL context loss freezes play until reload and preserves saved data (13.1s)

  6 passed (3.0m)
npm notice
npm notice New major version of npm available! 11.9.0 -> 12.2.0
npm notice Changelog: https://github.com/npm/cli/releases/tag/v12.2.0
npm notice To update run: npm install -g npm@12.2.0
npm notice
