
> pocketey-japan@0.1.0 build
> astro build && node scripts/check-portal.mjs

18:50:32 [content] Syncing content
18:50:32 [content] Synced content
18:50:32 [types] Generated 97ms
18:50:32 [build] output: "static"
18:50:32 [build] mode: "static"
18:50:32 [build] directory: /workspace/pocketey-portal/dist/
18:50:32 [build] Collecting build info...
18:50:32 [build] ✓ Completed in 127ms.
18:50:32 [build] Building static entrypoints...
18:50:34 [vite] ✓ built in 2.41s
18:50:34 [build] ✓ Completed in 2.49s.

 building client (vite)
18:50:34 [vite] transforming...
18:50:38 [vite] ✓ 29 modules transformed.
18:50:38 [vite] rendering chunks...
18:50:38 [vite] computing gzip size...
18:50:39 [vite] dist/_astro/BaseLayout.astro_astro_type_script_index_0_lang.f-Bx0cor.js     0.05 kB │ gzip:   0.07 kB
18:50:39 [vite] dist/_astro/locale.B1rKA6B7.js                                              1.48 kB │ gzip:   0.66 kB
18:50:39 [vite] dist/_astro/contact.astro_astro_type_script_index_0_lang.DVY2PwA7.js        3.99 kB │ gzip:   2.00 kB
18:50:39 [vite] dist/_astro/tilttrail.astro_astro_type_script_index_0_lang.D9116dDG.js     20.04 kB │ gzip:   8.73 kB
18:50:39 [vite] dist/_astro/pulse-drift.astro_astro_type_script_index_0_lang.4SaPNb1c.js   22.63 kB │ gzip:   9.85 kB
18:50:39 [vite] dist/_astro/ActionGame.astro_astro_type_script_index_0_lang.B_GMrhUi.js    37.35 kB │ gzip:  15.55 kB
18:50:39 [vite] dist/_astro/GLTFLoader.C-CBXnQG.js                                        690.55 kB │ gzip: 178.68 kB
18:50:39 [WARN] [vite]
(!) Some chunks are larger than 500 kB after minification. Consider:
- Using dynamic import() to code-split the application
- Use build.rollupOptions.output.manualChunks to improve chunking: https://rollupjs.org/configuration-options/#output-manualchunks
- Adjust chunk size limit for this warning via build.chunkSizeWarningLimit.
18:50:39 [vite] ✓ built in 4.27s

 generating static routes
18:50:39 ▶ src/pages/404.astro
18:50:39   └─ /404.html (+18ms)
18:50:39 ▶ src/pages/about/index.astro
18:50:39   └─ /about/index.html (+3ms)
18:50:39 ▶ src/pages/contact.astro
18:50:39   └─ /contact/index.html (+15ms)
18:50:39 ▶ src/pages/games/amber-step.astro
18:50:39   └─ /games/amber-step/index.html (+3ms)
18:50:39 ▶ src/pages/games/index.astro
18:50:39   └─ /games/index.html (+5ms)
18:50:39 ▶ src/pages/games/orbit-ribbon.astro
18:50:39   └─ /games/orbit-ribbon/index.html (+2ms)
18:50:39 ▶ src/pages/games/pulse-drift.astro
18:50:39   └─ /games/pulse-drift/index.html (+3ms)
18:50:39 ▶ src/pages/games/tilttrail.astro
18:50:39   └─ /games/tilttrail/index.html (+1ms)
18:50:39 ▶ src/pages/index.astro
18:50:39   └─ /index.html (+4ms)
18:50:39 ▶ src/pages/privacy/index.astro
18:50:39   └─ /privacy/index.html (+11ms)
18:50:39 ▶ /games/prototypes/tilttrail
18:50:39   └─ /games/prototypes/tilttrail/index.html (+7ms)
18:50:39 ▶ /prototypes/pulse-drift
18:50:39   └─ /prototypes/pulse-drift/index.html (+9ms)
18:50:39 ✓ Completed in 112ms.

18:50:39 [@astrojs/sitemap] `sitemap-index.xml` created at `dist`
18:50:39 [build] 10 page(s) built in 7.09s
18:50:39 [build] Complete!
Portal routes and retirement guard passed.
npm notice
npm notice New major version of npm available! 11.9.0 -> 12.2.0
npm notice Changelog: https://github.com/npm/cli/releases/tag/v12.2.0
npm notice To update run: npm install -g npm@12.2.0
npm notice
