
> pocketey-japan@0.1.0 build
> astro build && node scripts/check-portal.mjs

18:39:34 [content] Syncing content
18:39:34 [content] Synced content
18:39:34 [types] Generated 31ms
18:39:34 [build] output: "static"
18:39:34 [build] mode: "static"
18:39:34 [build] directory: /workspace/pulse-drift/dist/
18:39:34 [build] Collecting build info...
18:39:34 [build] ✓ Completed in 45ms.
18:39:34 [build] Building static entrypoints...
18:39:35 [vite] ✓ built in 752ms
18:39:35 [build] ✓ Completed in 776ms.

 building client (vite) 
18:39:35 [vite] transforming...
18:39:36 [vite] ✓ 15 modules transformed.
18:39:36 [vite] rendering chunks...
18:39:36 [vite] computing gzip size...
18:39:36 [vite] dist/_astro/BaseLayout.astro_astro_type_script_index_0_lang.f-Bx0cor.js     0.05 kB │ gzip:   0.07 kB
18:39:36 [vite] dist/_astro/locale.B1rKA6B7.js                                              1.48 kB │ gzip:   0.66 kB
18:39:36 [vite] dist/_astro/contact.astro_astro_type_script_index_0_lang.DVY2PwA7.js        3.99 kB │ gzip:   2.00 kB
18:39:36 [vite] dist/_astro/pulse-drift.astro_astro_type_script_index_0_lang.C8bwkyDU.js   14.26 kB │ gzip:   6.68 kB
18:39:36 [vite] dist/_astro/ActionGame.astro_astro_type_script_index_0_lang.1qRQ2iym.js    18.06 kB │ gzip:   8.25 kB
18:39:36 [vite] dist/_astro/three.module.TcD0Hf8c.js                                      533.61 kB │ gzip: 132.95 kB
18:39:36 [WARN] [vite] 
(!) Some chunks are larger than 500 kB after minification. Consider:
- Using dynamic import() to code-split the application
- Use build.rollupOptions.output.manualChunks to improve chunking: https://rollupjs.org/configuration-options/#output-manualchunks
- Adjust chunk size limit for this warning via build.chunkSizeWarningLimit.
18:39:36 [vite] ✓ built in 1.00s

 generating static routes 
18:39:36 ▶ src/pages/404.astro
18:39:36   └─ /404.html (+9ms) 
18:39:36 ▶ src/pages/about/index.astro
18:39:36   └─ /about/index.html (+2ms) 
18:39:36 ▶ src/pages/contact.astro
18:39:36   └─ /contact/index.html (+2ms) 
18:39:36 ▶ src/pages/games/amber-step.astro
18:39:36   └─ /games/amber-step/index.html (+2ms) 
18:39:36 ▶ src/pages/games/index.astro
18:39:36   └─ /games/index.html (+2ms) 
18:39:36 ▶ src/pages/games/orbit-ribbon.astro
18:39:36   └─ /games/orbit-ribbon/index.html (+1ms) 
18:39:36 ▶ src/pages/index.astro
18:39:36   └─ /index.html (+2ms) 
18:39:36 ▶ src/pages/privacy/index.astro
18:39:36   └─ /privacy/index.html (+1ms) 
18:39:36 ▶ src/pages/prototypes/pulse-drift.astro
18:39:36   └─ /prototypes/pulse-drift/index.html (+1ms) 
18:39:36 ✓ Completed in 35ms.

18:39:36 [@astrojs/sitemap] `sitemap-index.xml` created at `dist`
18:39:36 [build] 9 page(s) built in 1.89s
18:39:36 [build] Complete!
Portal routes and retirement guard passed.
npm notice
npm notice New major version of npm available! 11.9.0 -> 12.2.0
npm notice Changelog: https://github.com/npm/cli/releases/tag/v12.2.0
npm notice To update run: npm install -g npm@12.2.0
npm notice
