
> pocketey-japan@0.1.0 test:browser
> playwright test


Running 20 tests using 1 worker

  ✓   1 tests/games/browser.spec.ts:5:1 › licensed UI artwork loads and existing progress survives the visual refresh (19.2s)
orbit keyboard {
  fps: 50.66801781380835,
  p95: 33.39999999999418,
  p99: 50,
  max: 66.69999999999709
}
  ✓   2 tests/games/browser.spec.ts:31:2 › orbit-keyboard › three stages through normal input, unlock and persistence (59.1s)
orbit touch {
  fps: 60.00126318448813,
  p95: 16.700000000004366,
  p99: 16.80000000000291,
  max: 16.80000000000291
}
  ✓   3 tests/games/browser.spec.ts:31:2 › orbit-touch › three stages through normal input, unlock and persistence (57.9s)
amber keyboard {
  fps: 42.859398614964675,
  p95: 33.400000000001455,
  p99: 50,
  max: 50.10000000000218
}
  ✘   4 tests/games/browser.spec.ts:31:2 › amber-keyboard › three stages through normal input, unlock and persistence (46.5s)
amber touch {
  fps: 60.003158060950575,
  p95: 16.700000000000728,
  p99: 16.799999999999272,
  max: 16.80000000000291
}
  ✓   5 tests/games/browser.spec.ts:31:2 › amber-touch › three stages through normal input, unlock and persistence (46.1s)
  ✓   6 tests/games/browser.spec.ts:57:1 › failure/retry, pause/focus clears held input, restart cycles, orientation (6.3s)
  ✓   7 tests/games/browser.spec.ts:67:1 › corrupt/blocked storage and scoped confirmed reset (2.2s)
PERFORMANCE {
  fps: 58.985050340689526,
  p95: 16.700000000000728,
  renderer: 'ANGLE (Google, Vulkan 1.3.0 (SwiftShader Device (Subzero) (0x0000C0DE)), SwiftShader driver)',
  viewport: [ 390, 844 ],
  userAgent: 'Mozilla/5.0 (X11; Linux x86_64) AppleWebKit/537.36 (KHTML, like Gecko) HeadlessChrome/151.0.0.0 Safari/537.36'
}
  ✓   8 tests/games/browser.spec.ts:74:1 › touch simultaneous move+jump, touch cancel, layout, renderer performance and site navigation (7.5s)
  ✓   9 tests/games/browser.spec.ts:85:46 › orbit: WebGL context loss freezes play until reload and preserves saved data (17.1s)
  ✓  10 tests/games/browser.spec.ts:85:46 › amber: WebGL context loss freezes play until reload and preserves saved data (13.2s)
  ✓  11 tests/games/browser.spec.ts:130:46 › orbit: 320x568 menus and clear screen remain scroll-accessible (19.3s)
  ✓  12 tests/games/browser.spec.ts:130:46 › amber: 320x568 menus and clear screen remain scroll-accessible (15.3s)
  ✓  13 tests/games/browser.spec.ts:168:46 › orbit: simulated notch safe areas keep all controls inside every edge (1.6s)
  ✓  14 tests/games/browser.spec.ts:168:46 › amber: simulated notch safe areas keep all controls inside every edge (1.9s)
  ✓  15 tests/games/browser.spec.ts:203:1 › Amber simultaneous touch shows legible held feedback (1.6s)
  ✓  16 tests/games/browser.spec.ts:217:2 › orbit: selected 3D art loads, animation and normal controls remain usable (1.6s)
  ✓  17 tests/games/browser.spec.ts:271:2 › orbit: failed GLBs retain fallback, controls, clear and saves (16.4s)
  ✓  18 tests/games/browser.spec.ts:217:2 › amber: selected 3D art loads, animation and normal controls remain usable (2.7s)
  ✓  19 tests/games/browser.spec.ts:271:2 › amber: failed GLBs retain fallback, controls, clear and saves (12.6s)
  ✓  20 tests/games/browser.spec.ts:282:1 › missing shared colormap retains Amber fallback and gameplay (11.6s)


  1) tests/games/browser.spec.ts:31:2 › amber-keyboard › three stages through normal input, unlock and persistence 

    Error: expect(received).toBeGreaterThanOrEqual(expected)

    Expected: >= 45
    Received:    42.859398614964675

      44 |   finally { fs.writeFileSync(info.outputPath('input-timing.json'),JSON.stringify(inputTrace)); }
      45 |   if(measurement) fs.writeFileSync(info.outputPath('environment.json'),JSON.stringify({browser:browser.version(),contexts:browser.contexts().length,pages:page.context().pages().length,...await page.evaluate(()=>{const canvas=document.querySelector('canvas')!,gl=canvas.getContext('webgl2')!,ext=gl.getExtension('WEBGL_debug_renderer_info');return{viewport:[innerWidth,innerHeight],dpr:devicePixelRatio,canvas:[canvas.width,canvas.height],renderer:ext?gl.getParameter(ext.UNMASKED_RENDERER_WEBGL):gl.getParameter(gl.RENDERER)};})},null,2));
    > 46 |   if(measurement){const performance=await measurement;fs.writeFileSync(info.outputPath('stage3-performance.json'),JSON.stringify(performance,null,2));console.log(kind,touch?'touch':'keyboard',{fps:performance.fps,p95:performance.p95,p99:performance.p99,max:performance.max});expect.soft(performance.fps).toBeGreaterThanOrEqual(45);expect.soft(performance.p95).toBeLessThanOrEqual(40);}
         |                                                                                                                                                                                                                                                                                                                 ^
      47 |   await page.locator('.hero-mark').evaluate(async e=>{await Promise.all(e.getAnimations().map(a=>a.finished));});
      48 |   await page.screenshot({path:info.outputPath(`${kind}-${i+1}-clear.png`)});
      49 |  }
        at /workspace/pocketey-portal/tests/games/browser.spec.ts:46:305

    attachment #1: screenshot (image/png) ──────────────────────────────────────────────────────────
    test-results/browser-amber-keyboard-thr-77ad8-nput-unlock-and-persistence/test-failed-1.png
    ────────────────────────────────────────────────────────────────────────────────────────────────

    Error Context: test-results/browser-amber-keyboard-thr-77ad8-nput-unlock-and-persistence/error-context.md

  1 failed
    tests/games/browser.spec.ts:31:2 › amber-keyboard › three stages through normal input, unlock and persistence 
  19 passed (6.1m)
