
> pocketey-japan@0.1.0 build
> astro build && node scripts/check-portal.mjs

07:22:05 [content] Syncing content
07:22:05 [content] Synced content
07:22:05 [types] Generated 30ms
07:22:05 [build] output: "static"
07:22:05 [build] mode: "static"
07:22:05 [build] directory: /workspace/pocketey-portal/dist/
07:22:05 [build] Collecting build info...
07:22:05 [build] ✓ Completed in 51ms.
07:22:05 [build] Building static entrypoints...
07:22:05 [vite] ✓ built in 646ms
07:22:05 [build] ✓ Completed in 671ms.

 building client (vite) 
07:22:05 [vite] transforming...
07:22:06 [vite] ✓ 27 modules transformed.
07:22:06 [vite] rendering chunks...
07:22:06 [vite] computing gzip size...
07:22:06 [vite] dist/_astro/BaseLayout.astro_astro_type_script_index_0_lang.f-Bx0cor.js     0.05 kB │ gzip:   0.07 kB
07:22:06 [vite] dist/_astro/locale.B1rKA6B7.js                                              1.48 kB │ gzip:   0.66 kB
07:22:06 [vite] dist/_astro/contact.astro_astro_type_script_index_0_lang.DVY2PwA7.js        3.99 kB │ gzip:   2.00 kB
07:22:06 [vite] dist/_astro/tilttrail.astro_astro_type_script_index_0_lang.BgyedTxN.js     15.23 kB │ gzip:   6.76 kB
07:22:06 [vite] dist/_astro/pulse-drift.astro_astro_type_script_index_0_lang.CM6Em49o.js   20.42 kB │ gzip:   8.92 kB
07:22:06 [vite] dist/_astro/ActionGame.astro_astro_type_script_index_0_lang.C9_33PhS.js    82.70 kB │ gzip:  28.42 kB
07:22:06 [vite] dist/_astro/three.module.CGxUmvrd.js                                      639.66 kB │ gzip: 164.61 kB
07:22:06 [WARN] [vite] 
(!) Some chunks are larger than 500 kB after minification. Consider:
- Using dynamic import() to code-split the application
- Use build.rollupOptions.output.manualChunks to improve chunking: https://rollupjs.org/configuration-options/#output-manualchunks
- Adjust chunk size limit for this warning via build.chunkSizeWarningLimit.
07:22:06 [vite] ✓ built in 1.25s

 generating static routes 
07:22:06 ▶ src/pages/404.astro
07:22:06   └─ /404.html (+9ms) 
07:22:06 ▶ src/pages/about/index.astro
07:22:06   └─ /about/index.html (+2ms) 
07:22:06 ▶ src/pages/contact.astro
07:22:06   └─ /contact/index.html (+2ms) 
07:22:06 ▶ src/pages/games/amber-step.astro
07:22:06   └─ /games/amber-step/index.html (+2ms) 
07:22:06 ▶ src/pages/games/index.astro
07:22:06   └─ /games/index.html (+4ms) 
07:22:06 ▶ src/pages/games/orbit-ribbon.astro
07:22:06   └─ /games/orbit-ribbon/index.html (+1ms) 
07:22:06 ▶ src/pages/games/pulse-drift.astro
07:22:06   └─ /games/pulse-drift/index.html (+1ms) 
07:22:06 ▶ src/pages/games/tilttrail.astro
07:22:06   └─ /games/tilttrail/index.html (+1ms) 
07:22:06 ▶ src/pages/index.astro
07:22:06   └─ /index.html (+2ms) 
07:22:06 ▶ src/pages/privacy/index.astro
07:22:06   └─ /privacy/index.html (+1ms) 
07:22:06 ▶ /games/prototypes/tilttrail
07:22:06   └─ /games/prototypes/tilttrail/index.html (+1ms) 
07:22:06 ▶ /prototypes/pulse-drift
07:22:06   └─ /prototypes/pulse-drift/index.html (+0ms) 
07:22:06 ✓ Completed in 42ms.

07:22:07 [@astrojs/sitemap] `sitemap-index.xml` created at `dist`
07:22:07 [build] 10 page(s) built in 2.04s
07:22:07 [build] Complete!
Portal routes and retirement guard passed.
