
> pocketey-japan@0.1.0 test
> tsx --test tests/games/model.test.ts tests/prototypes/shooter-model.test.ts tests/prototypes/ball/model.test.ts

✔ fixed-step accumulator yields same movement and jump at 30/60/120 Hz (3.350371ms)
✔ coyote jump after leaving edge works, late jump cannot fly (0.917333ms)
✔ buffered jump launches on landing, pressing in air does not double jump (0.320483ms)
✔ fall and pillar collision fail, raised-platform sides are solid (0.69638ms)
✔ all stages are feasible with ordinary movement and jumps in simulation (11.463685ms)
✔ save sanitation tolerates corrupt values and bounds unlocks (0.512713ms)
✔ Orbit side pillars block fixed-edge bypasses while alternating routes remain feasible (4.838676ms)
✔ course refresh retains legacy records and separates challenge records (0.268194ms)
✔ each gap has a usable running-jump window, including edge-spike combinations (10.368433ms)
✔ authored trails are continuous and never have an invisible gap (24.56663ms)
✔ braking reduces forward speed without stopping and counter-steering catches inertia (0.865155ms)
✔ visible support boundary triggers a fall, failure is delayed, and off-road finish cannot clear (0.349557ms)
✔ finish on the road clears exactly once; pause and ready freeze simulation (4.361526ms)
✔ all three trails can be cleared by discrete steering and braking (4.228004ms)
✔ save validation rejects damaged/non-finite values and retry is clean (0.635959ms)
✔ movement is bounded, rate limited and deterministic (6.056532ms)
✔ circle and swept collisions catch travel without a broad visual hitbox (0.18521ms)
✔ damage has grace period and terminal states cannot advance (0.273172ms)
✔ beam warning lasts 1.3 seconds and expires (1.004395ms)
✔ shots remove enemies and award score once (0.216517ms)
✔ all stages spawn threats, stage 3 has one boss and a deadline (37.366624ms)
✔ surviving boss at deadline fails (1.080369ms)
✔ boss defeat clears stage and malformed save is bounded (0.336588ms)
✔ simultaneous fatal hit and boss defeat remains a loss (0.196517ms)
ℹ tests 24
ℹ suites 0
ℹ pass 24
ℹ fail 0
ℹ cancelled 0
ℹ skipped 0
ℹ todo 0
ℹ duration_ms 202.958962
