
> pocketey-japan@0.1.0 build
> astro build && node scripts/check-portal.mjs

17:24:56 [content] Syncing content
17:24:56 [content] Synced content
17:24:56 [types] Generated 31ms
17:24:56 [build] output: "static"
17:24:56 [build] mode: "static"
17:24:56 [build] directory: /workspace/pocketey-portal/dist/
17:24:56 [build] Collecting build info...
17:24:56 [build] ✓ Completed in 44ms.
17:24:56 [build] Building static entrypoints...
17:24:57 [vite] ✓ built in 759ms
17:24:57 [build] ✓ Completed in 784ms.

 building client (vite) 
17:24:57 [vite] transforming...
17:24:58 [vite] ✓ 15 modules transformed.
17:24:58 [vite] rendering chunks...
17:24:58 [vite] computing gzip size...
17:24:58 [vite] dist/_astro/BaseLayout.astro_astro_type_script_index_0_lang.f-Bx0cor.js    0.05 kB │ gzip:   0.07 kB
17:24:58 [vite] dist/_astro/locale.B1rKA6B7.js                                             1.48 kB │ gzip:   0.66 kB
17:24:58 [vite] dist/_astro/contact.astro_astro_type_script_index_0_lang.DVY2PwA7.js       3.99 kB │ gzip:   2.00 kB
17:24:58 [vite] dist/_astro/ActionGame.astro_astro_type_script_index_0_lang.DY8zvBcg.js  670.30 kB │ gzip: 175.19 kB
17:24:58 [WARN] [vite] 
(!) Some chunks are larger than 500 kB after minification. Consider:
- Using dynamic import() to code-split the application
- Use build.rollupOptions.output.manualChunks to improve chunking: https://rollupjs.org/configuration-options/#output-manualchunks
- Adjust chunk size limit for this warning via build.chunkSizeWarningLimit.
17:24:58 [vite] ✓ built in 1.32s

 generating static routes 
17:24:58 ▶ src/pages/404.astro
17:24:58   └─ /404.html (+9ms) 
17:24:58 ▶ src/pages/about/index.astro
17:24:58   └─ /about/index.html (+2ms) 
17:24:58 ▶ src/pages/contact.astro
17:24:58   └─ /contact/index.html (+2ms) 
17:24:58 ▶ src/pages/games/amber-step.astro
17:24:58   └─ /games/amber-step/index.html (+1ms) 
17:24:58 ▶ src/pages/games/index.astro
17:24:58   └─ /games/index.html (+2ms) 
17:24:58 ▶ src/pages/games/orbit-ribbon.astro
17:24:58   └─ /games/orbit-ribbon/index.html (+1ms) 
17:24:58 ▶ src/pages/index.astro
17:24:58   └─ /index.html (+2ms) 
17:24:58 ▶ src/pages/privacy/index.astro
17:24:58   └─ /privacy/index.html (+1ms) 
17:24:58 ✓ Completed in 32ms.

17:24:58 [@astrojs/sitemap] `sitemap-index.xml` created at `dist`
17:24:58 [build] 8 page(s) built in 2.20s
17:24:58 [build] Complete!
Portal routes and retirement guard passed.
npm notice
npm notice New major version of npm available! 11.9.0 -> 12.2.0
npm notice Changelog: https://github.com/npm/cli/releases/tag/v12.2.0
npm notice To update run: npm install -g npm@12.2.0
npm notice
