
> pocketey-japan@0.1.0 check
> astro check

19:45:52 [content] Syncing content
19:45:52 [content] Synced content
19:45:52 [types] Generated 32ms
19:45:52 [check] Getting diagnostics for Astro files in /workspace/pocketey-portal...
[96mdocs/games/evidence/performance-investigation/local-dpr-diagnostic.mjs[0m:[93m18[0m:[93m106[0m - [93mwarning[0m[90m ts(80007): [0m'await' has no effect on the type of this expression.

[7m18[0m await b.close();fs.writeFileSync(process.argv[2]||'/tmp/pocketey-diagnosis.json',JSON.stringify({browser:await b.version(),results},null,2));
[7m  [0m [93m                                                                                                         ~~~~~~~~~~~~~~~~~[0m

[96mdocs/games/evidence/ui-refresh/local-initial/effects-probe.mjs[0m:[93m2[0m:[93m124[0m - [93mwarning[0m[90m ts(6133): [0m'css' is declared but its value is never read.

[7m2[0m const oldRoot='/tmp/pocketey-before-lighting';const h=fs.readFileSync(oldRoot+'/games/amber-step/index.html','utf8');const css=fs.readFileSync(oldRoot+h.match(/href="([^"]+\.css)"/)[1],'utf8');
[7m [0m [93m                                                                                                                           ~~~[0m

[96mtests/games/browser.spec.ts[0m:[93m2[0m:[93m33[0m - [93mwarning[0m[90m ts(6133): [0m'Kind' is declared but its value is never read.

[7m2[0m import { stages, SAVE_KEY, type Kind } from '../../src/games/model';
[7m [0m [93m                                ~~~~[0m
[96mtests/games/browser.spec.ts[0m:[93m2[0m:[93m10[0m - [93mwarning[0m[90m ts(6133): [0m'stages' is declared but its value is never read.

[7m2[0m import { stages, SAVE_KEY, type Kind } from '../../src/games/model';
[7m [0m [93m         ~~~~~~[0m
[96mtests/games/browser.spec.ts[0m:[93m1[0m:[93m26[0m - [93mwarning[0m[90m ts(6133): [0m'Page' is declared but its value is never read.

[7m1[0m import {test,expect,type Page} from '@playwright/test';
[7m [0m [93m                         ~~~~[0m

Result (42 files): 
- 0 errors
- 0 warnings
- 5 hints

npm notice
npm notice New major version of npm available! 11.9.0 -> 12.2.0
npm notice Changelog: https://github.com/npm/cli/releases/tag/v12.2.0
npm notice To update run: npm install -g npm@12.2.0
npm notice

> pocketey-japan@0.1.0 check:games
> tsc --noEmit -p tsconfig.games.json

npm notice
npm notice New major version of npm available! 11.9.0 -> 12.2.0
npm notice Changelog: https://github.com/npm/cli/releases/tag/v12.2.0
npm notice To update run: npm install -g npm@12.2.0
npm notice

> pocketey-japan@0.1.0 test
> tsx --test tests/games/model.test.ts

✔ fixed-step accumulator yields same movement and jump at 30/60/120 Hz (6.242665ms)
✔ coyote jump after leaving edge works, late jump cannot fly (0.206736ms)
✔ buffered jump launches on landing, pressing in air does not double jump (0.235879ms)
✔ fall and pillar collision fail, raised-platform sides are solid (0.928024ms)
✔ all stages are feasible with ordinary movement and jumps in simulation (11.592277ms)
✔ save sanitation tolerates corrupt values and bounds unlocks (0.603484ms)
✔ Orbit side pillars block fixed-edge bypasses while alternating routes remain feasible (1.835288ms)
✔ course refresh retains legacy records and separates challenge records (0.341215ms)
✔ each gap has a usable running-jump window, including edge-spike combinations (10.396997ms)
ℹ tests 9
ℹ suites 0
ℹ pass 9
ℹ fail 0
ℹ cancelled 0
ℹ skipped 0
ℹ todo 0
ℹ duration_ms 172.897896
npm notice
npm notice New major version of npm available! 11.9.0 -> 12.2.0
npm notice Changelog: https://github.com/npm/cli/releases/tag/v12.2.0
npm notice To update run: npm install -g npm@12.2.0
npm notice

> pocketey-japan@0.1.0 build
> astro build && node scripts/check-portal.mjs

19:45:59 [content] Syncing content
19:45:59 [content] Synced content
19:45:59 [types] Generated 32ms
19:45:59 [build] output: "static"
19:45:59 [build] mode: "static"
19:45:59 [build] directory: /workspace/pocketey-portal/dist/
19:45:59 [build] Collecting build info...
19:45:59 [build] ✓ Completed in 54ms.
19:45:59 [build] Building static entrypoints...
19:46:00 [vite] ✓ built in 855ms
19:46:00 [build] ✓ Completed in 882ms.

 building client (vite) 
19:46:00 [vite] transforming...
19:46:01 [vite] ✓ 15 modules transformed.
19:46:01 [vite] rendering chunks...
19:46:01 [vite] computing gzip size...
19:46:01 [vite] dist/_astro/BaseLayout.astro_astro_type_script_index_0_lang.f-Bx0cor.js    0.05 kB │ gzip:   0.07 kB
19:46:01 [vite] dist/_astro/locale.B1rKA6B7.js                                             1.48 kB │ gzip:   0.66 kB
19:46:01 [vite] dist/_astro/contact.astro_astro_type_script_index_0_lang.DVY2PwA7.js       3.99 kB │ gzip:   2.00 kB
19:46:01 [vite] dist/_astro/ActionGame.astro_astro_type_script_index_0_lang.B0zSe2Ve.js  674.43 kB │ gzip: 176.30 kB
19:46:01 [WARN] [vite] 
(!) Some chunks are larger than 500 kB after minification. Consider:
- Using dynamic import() to code-split the application
- Use build.rollupOptions.output.manualChunks to improve chunking: https://rollupjs.org/configuration-options/#output-manualchunks
- Adjust chunk size limit for this warning via build.chunkSizeWarningLimit.
19:46:01 [vite] ✓ built in 1.29s

 generating static routes 
19:46:01 ▶ src/pages/404.astro
19:46:01   └─ /404.html (+8ms) 
19:46:01 ▶ src/pages/about/index.astro
19:46:01   └─ /about/index.html (+2ms) 
19:46:01 ▶ src/pages/contact.astro
19:46:01   └─ /contact/index.html (+2ms) 
19:46:01 ▶ src/pages/games/amber-step.astro
19:46:01   └─ /games/amber-step/index.html (+1ms) 
19:46:01 ▶ src/pages/games/index.astro
19:46:01   └─ /games/index.html (+2ms) 
19:46:01 ▶ src/pages/games/orbit-ribbon.astro
19:46:01   └─ /games/orbit-ribbon/index.html (+1ms) 
19:46:01 ▶ src/pages/index.astro
19:46:01   └─ /index.html (+1ms) 
19:46:01 ▶ src/pages/privacy/index.astro
19:46:01   └─ /privacy/index.html (+1ms) 
19:46:01 ✓ Completed in 30ms.

19:46:01 [@astrojs/sitemap] `sitemap-index.xml` created at `dist`
19:46:01 [build] 8 page(s) built in 2.28s
19:46:01 [build] Complete!
Portal routes and retirement guard passed.
