
> pocketey-japan@0.1.0 build
> astro build && node scripts/check-portal.mjs

08:16:11 [vite] Re-optimizing dependencies because vite config has changed
08:16:11 [content] Syncing content
08:16:11 [content] Synced content
08:16:11 [types] Generated 123ms
08:16:11 [build] output: "static"
08:16:11 [build] mode: "static"
08:16:11 [build] directory: /tmp/portal-final-integration/dist/
08:16:11 [build] Collecting build info...
08:16:11 [build] ✓ Completed in 140ms.
08:16:11 [build] Building static entrypoints...
08:16:12 [vite] ✓ built in 854ms
08:16:12 [build] ✓ Completed in 893ms.

 building client (vite)
08:16:12 [vite] transforming...
08:16:13 [vite] ✓ 27 modules transformed.
08:16:13 [vite] rendering chunks...
08:16:14 [vite] computing gzip size...
08:16:14 [vite] dist/_astro/BaseLayout.astro_astro_type_script_index_0_lang.f-Bx0cor.js     0.05 kB │ gzip:   0.07 kB
08:16:14 [vite] dist/_astro/locale.B1rKA6B7.js                                              1.48 kB │ gzip:   0.66 kB
08:16:14 [vite] dist/_astro/contact.astro_astro_type_script_index_0_lang.DVY2PwA7.js        3.99 kB │ gzip:   2.00 kB
08:16:14 [vite] dist/_astro/tilttrail.astro_astro_type_script_index_0_lang.DC1p158C.js     15.23 kB │ gzip:   6.76 kB
08:16:14 [vite] dist/_astro/pulse-drift.astro_astro_type_script_index_0_lang.QLXvqoTX.js   20.40 kB │ gzip:   8.91 kB
08:16:14 [vite] dist/_astro/ActionGame.astro_astro_type_script_index_0_lang.DfSnJRsW.js    80.64 kB │ gzip:  27.64 kB
08:16:14 [vite] dist/_astro/three.module.fqqY8Ba3.js                                      632.60 kB │ gzip: 161.93 kB
08:16:14 [WARN] [vite]
(!) Some chunks are larger than 500 kB after minification. Consider:
- Using dynamic import() to code-split the application
- Use build.rollupOptions.output.manualChunks to improve chunking: https://rollupjs.org/configuration-options/#output-manualchunks
- Adjust chunk size limit for this warning via build.chunkSizeWarningLimit.
08:16:14 [vite] ✓ built in 1.48s

 generating static routes
08:16:14 ▶ src/pages/404.astro
08:16:14   └─ /404.html (+11ms)
08:16:14 ▶ src/pages/about/index.astro
08:16:14   └─ /about/index.html (+3ms)
08:16:14 ▶ src/pages/contact.astro
08:16:14   └─ /contact/index.html (+2ms)
08:16:14 ▶ src/pages/games/amber-step.astro
08:16:14   └─ /games/amber-step/index.html (+2ms)
08:16:14 ▶ src/pages/games/index.astro
08:16:14   └─ /games/index.html (+3ms)
08:16:14 ▶ src/pages/games/orbit-ribbon.astro
08:16:14   └─ /games/orbit-ribbon/index.html (+1ms)
08:16:14 ▶ src/pages/games/pulse-drift.astro
08:16:14   └─ /games/pulse-drift/index.html (+2ms)
08:16:14 ▶ src/pages/games/tilttrail.astro
08:16:14   └─ /games/tilttrail/index.html (+1ms)
08:16:14 ▶ src/pages/index.astro
08:16:14   └─ /index.html (+2ms)
08:16:14 ▶ src/pages/privacy/index.astro
08:16:14   └─ /privacy/index.html (+2ms)
08:16:14 ▶ /games/prototypes/tilttrail
08:16:14   └─ /games/prototypes/tilttrail/index.html (+1ms)
08:16:14 ▶ /prototypes/pulse-drift
08:16:14   └─ /prototypes/pulse-drift/index.html (+1ms)
08:16:14 ✓ Completed in 48ms.

08:16:14 [@astrojs/sitemap] `sitemap-index.xml` created at `dist`
08:16:14 [build] 10 page(s) built in 2.59s
08:16:14 [build] Complete!
Portal routes and retirement guard passed.
npm notice
npm notice New major version of npm available! 11.9.0 -> 12.2.0
npm notice Changelog: https://github.com/npm/cli/releases/tag/v12.2.0
npm notice To update run: npm install -g npm@12.2.0
npm notice
