
> pocketey-japan@0.1.0 build
> astro build && node scripts/check-portal.mjs

07:45:57 [content] Syncing content
07:45:57 [content] Synced content
07:45:57 [types] Generated 38ms
07:45:57 [build] output: "static"
07:45:57 [build] mode: "static"
07:45:57 [build] directory: /workspace/pocketey-portal/dist/
07:45:57 [build] Collecting build info...
07:45:57 [build] ✓ Completed in 56ms.
07:45:57 [build] Building static entrypoints...
07:45:58 [vite] ✓ built in 833ms
07:45:58 [build] ✓ Completed in 864ms.

 building client (vite)
07:45:58 [vite] transforming...
07:45:59 [vite] ✓ 27 modules transformed.
07:45:59 [vite] rendering chunks...
07:45:59 [vite] computing gzip size...
07:45:59 [vite] dist/_astro/BaseLayout.astro_astro_type_script_index_0_lang.f-Bx0cor.js     0.05 kB │ gzip:   0.07 kB
07:45:59 [vite] dist/_astro/locale.B1rKA6B7.js                                              1.48 kB │ gzip:   0.66 kB
07:45:59 [vite] dist/_astro/contact.astro_astro_type_script_index_0_lang.DVY2PwA7.js        3.99 kB │ gzip:   2.00 kB
07:45:59 [vite] dist/_astro/tilttrail.astro_astro_type_script_index_0_lang.DC1p158C.js     15.23 kB │ gzip:   6.76 kB
07:45:59 [vite] dist/_astro/pulse-drift.astro_astro_type_script_index_0_lang.N4IWGCuF.js   20.42 kB │ gzip:   8.92 kB
07:45:59 [vite] dist/_astro/ActionGame.astro_astro_type_script_index_0_lang.DfSnJRsW.js    80.64 kB │ gzip:  27.64 kB
07:45:59 [vite] dist/_astro/three.module.fqqY8Ba3.js                                      632.60 kB │ gzip: 161.93 kB
07:45:59 [WARN] [vite]
(!) Some chunks are larger than 500 kB after minification. Consider:
- Using dynamic import() to code-split the application
- Use build.rollupOptions.output.manualChunks to improve chunking: https://rollupjs.org/configuration-options/#output-manualchunks
- Adjust chunk size limit for this warning via build.chunkSizeWarningLimit.
07:45:59 [vite] ✓ built in 1.45s

 generating static routes
07:45:59 ▶ src/pages/404.astro
07:45:59   └─ /404.html (+12ms)
07:45:59 ▶ src/pages/about/index.astro
07:45:59   └─ /about/index.html (+2ms)
07:45:59 ▶ src/pages/contact.astro
07:45:59   └─ /contact/index.html (+2ms)
07:45:59 ▶ src/pages/games/amber-step.astro
07:45:59   └─ /games/amber-step/index.html (+2ms)
07:45:59 ▶ src/pages/games/index.astro
07:45:59   └─ /games/index.html (+3ms)
07:45:59 ▶ src/pages/games/orbit-ribbon.astro
07:45:59   └─ /games/orbit-ribbon/index.html (+1ms)
07:45:59 ▶ src/pages/games/pulse-drift.astro
07:45:59   └─ /games/pulse-drift/index.html (+2ms)
07:45:59 ▶ src/pages/games/tilttrail.astro
07:45:59   └─ /games/tilttrail/index.html (+1ms)
07:45:59 ▶ src/pages/index.astro
07:45:59   └─ /index.html (+2ms)
07:45:59 ▶ src/pages/privacy/index.astro
07:45:59   └─ /privacy/index.html (+2ms)
07:45:59 ▶ /games/prototypes/tilttrail
07:45:59   └─ /games/prototypes/tilttrail/index.html (+1ms)
07:45:59 ▶ /prototypes/pulse-drift
07:45:59   └─ /prototypes/pulse-drift/index.html (+1ms)
07:45:59 ✓ Completed in 49ms.

07:45:59 [@astrojs/sitemap] `sitemap-index.xml` created at `dist`
07:45:59 [build] 10 page(s) built in 2.45s
07:45:59 [build] Complete!
Portal routes and retirement guard passed.
npm notice
npm notice New major version of npm available! 11.9.0 -> 12.2.0
npm notice Changelog: https://github.com/npm/cli/releases/tag/v12.2.0
npm notice To update run: npm install -g npm@12.2.0
npm notice
