
> pocketey-japan@0.1.0 test:browser
> playwright test


Running 13 tests using 1 worker

(node:7088) Warning: The 'NO_COLOR' env is ignored due to the 'FORCE_COLOR' env being set.
(Use `node --trace-warnings ...` to show where the warning was created)
orbit keyboard {
  fps: 26.0284669232982,
  p95: 66.60000000000582,
  p99: 150,
  max: 166.59999999999854
}
  ✘   1 tests/games/browser.spec.ts:7:2 › orbit-keyboard › three stages through normal input, unlock and persistence (58.8s)
(node:7237) Warning: The 'NO_COLOR' env is ignored due to the 'FORCE_COLOR' env being set.
(Use `node --trace-warnings ...` to show where the warning was created)
orbit touch {
  fps: 42.2240988488377,
  p95: 50,
  p99: 66.70000000000437,
  max: 83.30000000000291
}
  ✘   2 tests/games/browser.spec.ts:7:2 › orbit-touch › three stages through normal input, unlock and persistence (53.5s)
(node:7374) Warning: The 'NO_COLOR' env is ignored due to the 'FORCE_COLOR' env being set.
(Use `node --trace-warnings ...` to show where the warning was created)
amber keyboard {
  fps: 27.339309610486783,
  p95: 66.60000000000582,
  p99: 149.89999999999418,
  max: 166.59999999999854
}
  ✘   3 tests/games/browser.spec.ts:7:2 › amber-keyboard › three stages through normal input, unlock and persistence (42.9s)
(node:7536) Warning: The 'NO_COLOR' env is ignored due to the 'FORCE_COLOR' env being set.
(Use `node --trace-warnings ...` to show where the warning was created)
amber touch {
  fps: 51.82053729714987,
  p95: 33.39999999999782,
  p99: 99.90000000000146,
  max: 100.09999999999854
}
  ✓   4 tests/games/browser.spec.ts:7:2 › amber-touch › three stages through normal input, unlock and persistence (43.9s)
  ✓   5 tests/games/browser.spec.ts:30:1 › failure/retry, pause/focus clears held input, restart cycles, orientation (13.8s)
  ✓   6 tests/games/browser.spec.ts:40:1 › corrupt/blocked storage and scoped confirmed reset (11.4s)
PERFORMANCE {
  fps: 55.24019962665241,
  p95: 16.800000000000182,
  renderer: 'ANGLE (Google, Vulkan 1.3.0 (SwiftShader Device (Subzero) (0x0000C0DE)), SwiftShader driver)',
  viewport: [ 390, 844 ],
  userAgent: 'Mozilla/5.0 (X11; Linux x86_64) AppleWebKit/537.36 (KHTML, like Gecko) HeadlessChrome/151.0.0.0 Safari/537.36'
}
  ✓   7 tests/games/browser.spec.ts:47:1 › touch simultaneous move+jump, touch cancel, layout, renderer performance and site navigation (10.5s)
  ✓   8 tests/games/browser.spec.ts:58:46 › orbit: WebGL context loss freezes play until reload and preserves saved data (28.1s)
  ✓   9 tests/games/browser.spec.ts:58:46 › amber: WebGL context loss freezes play until reload and preserves saved data (28.1s)
  ✓  10 tests/games/browser.spec.ts:103:46 › orbit: 320x568 menus and clear screen remain scroll-accessible (28.6s)
  ✓  11 tests/games/browser.spec.ts:103:46 › amber: 320x568 menus and clear screen remain scroll-accessible (24.3s)
  ✓  12 tests/games/browser.spec.ts:137:46 › orbit: simulated notch safe areas keep all controls inside every edge (6.3s)
  ✓  13 tests/games/browser.spec.ts:137:46 › amber: simulated notch safe areas keep all controls inside every edge (6.6s)


  1) tests/games/browser.spec.ts:7:2 › orbit-keyboard › three stages through normal input, unlock and persistence 

    Error: expect(received).toBeGreaterThanOrEqual(expected)

    Expected: >= 45
    Received:    26.0284669232982

      19 |   fs.writeFileSync(info.outputPath('input-timing.json'),JSON.stringify(inputTrace));
      20 |   if(measurement) fs.writeFileSync(info.outputPath('environment.json'),JSON.stringify({browser:browser.version(),contexts:browser.contexts().length,pages:page.context().pages().length,...await page.evaluate(()=>{const canvas=document.querySelector('canvas')!,gl=canvas.getContext('webgl2')!,ext=gl.getExtension('WEBGL_debug_renderer_info');return{viewport:[innerWidth,innerHeight],dpr:devicePixelRatio,canvas:[canvas.width,canvas.height],renderer:ext?gl.getParameter(ext.UNMASKED_RENDERER_WEBGL):gl.getParameter(gl.RENDERER)};})},null,2));
    > 21 |   if(measurement){const performance=await measurement;fs.writeFileSync(info.outputPath('stage3-performance.json'),JSON.stringify(performance,null,2));console.log(kind,touch?'touch':'keyboard',{fps:performance.fps,p95:performance.p95,p99:performance.p99,max:performance.max});expect(performance.fps).toBeGreaterThanOrEqual(45);expect(performance.p95).toBeLessThanOrEqual(40);}
         |                                                                                                                                                                                                                                                                                                            ^
      22 |   await page.screenshot({path:info.outputPath(`${kind}-${i+1}-clear.png`)});
      23 |  }
      24 |  await page.getByRole('button',{name:'ステージ選択'}).click();await expect(page.locator('#stages').getByRole('button',{name:/ステージ 3 /})).toBeEnabled();
        at /workspace/pocketey-portal/tests/games/browser.spec.ts:21:300

    attachment #1: screenshot (image/png) ──────────────────────────────────────────────────────────
    test-results/browser-orbit-keyboard-thr-141d2-nput-unlock-and-persistence/test-failed-1.png
    ────────────────────────────────────────────────────────────────────────────────────────────────

    Error Context: test-results/browser-orbit-keyboard-thr-141d2-nput-unlock-and-persistence/error-context.md

  2) tests/games/browser.spec.ts:7:2 › orbit-touch › three stages through normal input, unlock and persistence 

    Error: expect(received).toBeGreaterThanOrEqual(expected)

    Expected: >= 45
    Received:    42.2240988488377

      19 |   fs.writeFileSync(info.outputPath('input-timing.json'),JSON.stringify(inputTrace));
      20 |   if(measurement) fs.writeFileSync(info.outputPath('environment.json'),JSON.stringify({browser:browser.version(),contexts:browser.contexts().length,pages:page.context().pages().length,...await page.evaluate(()=>{const canvas=document.querySelector('canvas')!,gl=canvas.getContext('webgl2')!,ext=gl.getExtension('WEBGL_debug_renderer_info');return{viewport:[innerWidth,innerHeight],dpr:devicePixelRatio,canvas:[canvas.width,canvas.height],renderer:ext?gl.getParameter(ext.UNMASKED_RENDERER_WEBGL):gl.getParameter(gl.RENDERER)};})},null,2));
    > 21 |   if(measurement){const performance=await measurement;fs.writeFileSync(info.outputPath('stage3-performance.json'),JSON.stringify(performance,null,2));console.log(kind,touch?'touch':'keyboard',{fps:performance.fps,p95:performance.p95,p99:performance.p99,max:performance.max});expect(performance.fps).toBeGreaterThanOrEqual(45);expect(performance.p95).toBeLessThanOrEqual(40);}
         |                                                                                                                                                                                                                                                                                                            ^
      22 |   await page.screenshot({path:info.outputPath(`${kind}-${i+1}-clear.png`)});
      23 |  }
      24 |  await page.getByRole('button',{name:'ステージ選択'}).click();await expect(page.locator('#stages').getByRole('button',{name:/ステージ 3 /})).toBeEnabled();
        at /workspace/pocketey-portal/tests/games/browser.spec.ts:21:300

    attachment #1: screenshot (image/png) ──────────────────────────────────────────────────────────
    test-results/browser-orbit-touch-three--c2353-nput-unlock-and-persistence/test-failed-1.png
    ────────────────────────────────────────────────────────────────────────────────────────────────

    Error Context: test-results/browser-orbit-touch-three--c2353-nput-unlock-and-persistence/error-context.md

  3) tests/games/browser.spec.ts:7:2 › amber-keyboard › three stages through normal input, unlock and persistence 

    Error: expect(received).toBeGreaterThanOrEqual(expected)

    Expected: >= 45
    Received:    27.339309610486783

      19 |   fs.writeFileSync(info.outputPath('input-timing.json'),JSON.stringify(inputTrace));
      20 |   if(measurement) fs.writeFileSync(info.outputPath('environment.json'),JSON.stringify({browser:browser.version(),contexts:browser.contexts().length,pages:page.context().pages().length,...await page.evaluate(()=>{const canvas=document.querySelector('canvas')!,gl=canvas.getContext('webgl2')!,ext=gl.getExtension('WEBGL_debug_renderer_info');return{viewport:[innerWidth,innerHeight],dpr:devicePixelRatio,canvas:[canvas.width,canvas.height],renderer:ext?gl.getParameter(ext.UNMASKED_RENDERER_WEBGL):gl.getParameter(gl.RENDERER)};})},null,2));
    > 21 |   if(measurement){const performance=await measurement;fs.writeFileSync(info.outputPath('stage3-performance.json'),JSON.stringify(performance,null,2));console.log(kind,touch?'touch':'keyboard',{fps:performance.fps,p95:performance.p95,p99:performance.p99,max:performance.max});expect(performance.fps).toBeGreaterThanOrEqual(45);expect(performance.p95).toBeLessThanOrEqual(40);}
         |                                                                                                                                                                                                                                                                                                            ^
      22 |   await page.screenshot({path:info.outputPath(`${kind}-${i+1}-clear.png`)});
      23 |  }
      24 |  await page.getByRole('button',{name:'ステージ選択'}).click();await expect(page.locator('#stages').getByRole('button',{name:/ステージ 3 /})).toBeEnabled();
        at /workspace/pocketey-portal/tests/games/browser.spec.ts:21:300

    attachment #1: screenshot (image/png) ──────────────────────────────────────────────────────────
    test-results/browser-amber-keyboard-thr-77ad8-nput-unlock-and-persistence/test-failed-1.png
    ────────────────────────────────────────────────────────────────────────────────────────────────

    Error Context: test-results/browser-amber-keyboard-thr-77ad8-nput-unlock-and-persistence/error-context.md

  3 failed
    tests/games/browser.spec.ts:7:2 › orbit-keyboard › three stages through normal input, unlock and persistence 
    tests/games/browser.spec.ts:7:2 › orbit-touch › three stages through normal input, unlock and persistence 
    tests/games/browser.spec.ts:7:2 › amber-keyboard › three stages through normal input, unlock and persistence 
  10 passed (6.0m)
