
> pocketey-japan@0.1.0 build
> astro build && node scripts/check-portal.mjs

18:01:37 [content] Syncing content
18:01:37 [content] Synced content
18:01:37 [types] Generated 38ms
18:01:37 [build] output: "static"
18:01:37 [build] mode: "static"
18:01:37 [build] directory: /workspace/pocketey-portal/dist/
18:01:37 [build] Collecting build info...
18:01:37 [build] ✓ Completed in 52ms.
18:01:37 [build] Building static entrypoints...
18:01:38 [vite] ✓ built in 732ms
18:01:38 [build] ✓ Completed in 761ms.

 building client (vite) 
18:01:38 [vite] transforming...
18:01:39 [vite] ✓ 15 modules transformed.
18:01:39 [vite] rendering chunks...
18:01:39 [vite] computing gzip size...
18:01:39 [vite] dist/_astro/BaseLayout.astro_astro_type_script_index_0_lang.f-Bx0cor.js    0.05 kB │ gzip:   0.07 kB
18:01:39 [vite] dist/_astro/locale.B1rKA6B7.js                                             1.48 kB │ gzip:   0.66 kB
18:01:39 [vite] dist/_astro/contact.astro_astro_type_script_index_0_lang.DVY2PwA7.js       3.99 kB │ gzip:   2.00 kB
18:01:39 [vite] dist/_astro/ActionGame.astro_astro_type_script_index_0_lang.BcE_MEI5.js  672.88 kB │ gzip: 175.82 kB
18:01:39 [WARN] [vite] 
(!) Some chunks are larger than 500 kB after minification. Consider:
- Using dynamic import() to code-split the application
- Use build.rollupOptions.output.manualChunks to improve chunking: https://rollupjs.org/configuration-options/#output-manualchunks
- Adjust chunk size limit for this warning via build.chunkSizeWarningLimit.
18:01:39 [vite] ✓ built in 1.24s

 generating static routes 
18:01:39 ▶ src/pages/404.astro
18:01:39   └─ /404.html (+8ms) 
18:01:39 ▶ src/pages/about/index.astro
18:01:39   └─ /about/index.html (+2ms) 
18:01:39 ▶ src/pages/contact.astro
18:01:39   └─ /contact/index.html (+2ms) 
18:01:39 ▶ src/pages/games/amber-step.astro
18:01:39   └─ /games/amber-step/index.html (+1ms) 
18:01:39 ▶ src/pages/games/index.astro
18:01:39   └─ /games/index.html (+3ms) 
18:01:39 ▶ src/pages/games/orbit-ribbon.astro
18:01:39   └─ /games/orbit-ribbon/index.html (+3ms) 
18:01:39 ▶ src/pages/index.astro
18:01:39   └─ /index.html (+2ms) 
18:01:39 ▶ src/pages/privacy/index.astro
18:01:39   └─ /privacy/index.html (+1ms) 
18:01:39 ✓ Completed in 33ms.

18:01:39 [@astrojs/sitemap] `sitemap-index.xml` created at `dist`
18:01:39 [build] 8 page(s) built in 2.11s
18:01:39 [build] Complete!
Portal routes and retirement guard passed.
npm notice
npm notice New major version of npm available! 11.9.0 -> 12.2.0
npm notice Changelog: https://github.com/npm/cli/releases/tag/v12.2.0
npm notice To update run: npm install -g npm@12.2.0
npm notice
