Blender 4.3.2
Fra:1 Mem:18.18M (Peak 18.18M) | Time:00:00.01 | Mem:0.00M, Peak:0.00M | Scene, ViewLayer | Synchronizing object | mesh
Fra:1 Mem:18.18M (Peak 18.18M) | Time:00:00.01 | Mem:0.00M, Peak:0.00M | Scene, ViewLayer | Synchronizing object | mesh.002
Fra:1 Mem:18.19M (Peak 18.19M) | Time:00:00.01 | Mem:0.00M, Peak:0.00M | Scene, ViewLayer | Synchronizing object | mesh.003
Fra:1 Mem:18.19M (Peak 18.19M) | Time:00:00.01 | Mem:0.00M, Peak:0.00M | Scene, ViewLayer | Synchronizing object | mesh.004
Fra:1 Mem:18.19M (Peak 18.19M) | Time:00:00.01 | Mem:0.00M, Peak:0.00M | Scene, ViewLayer | Synchronizing object | mesh.006
Fra:1 Mem:18.24M (Peak 18.24M) | Time:00:00.01 | Mem:0.00M, Peak:0.00M | Scene, ViewLayer | Synchronizing object | mesh.007
Fra:1 Mem:18.27M (Peak 18.27M) | Time:00:00.01 | Mem:0.00M, Peak:0.00M | Scene, ViewLayer | Synchronizing object | mesh.008
Fra:1 Mem:18.29M (Peak 18.29M) | Time:00:00.01 | Mem:0.00M, Peak:0.00M | Scene, ViewLayer | Synchronizing object | mesh.009
Fra:1 Mem:18.31M (Peak 18.31M) | Time:00:00.01 | Mem:0.00M, Peak:0.00M | Scene, ViewLayer | Synchronizing object | mesh.010
Fra:1 Mem:18.31M (Peak 18.31M) | Time:00:00.01 | Mem:0.00M, Peak:0.00M | Scene, ViewLayer | Synchronizing object | mesh.012
Fra:1 Mem:18.37M (Peak 18.37M) | Time:00:00.01 | Mem:0.00M, Peak:0.00M | Scene, ViewLayer | Synchronizing object | mesh.013
Fra:1 Mem:18.40M (Peak 18.40M) | Time:00:00.01 | Mem:0.00M, Peak:0.00M | Scene, ViewLayer | Synchronizing object | mesh.014
Fra:1 Mem:18.39M (Peak 18.40M) | Time:00:00.01 | Mem:0.00M, Peak:0.00M | Scene, ViewLayer | Synchronizing object | mesh.015
Fra:1 Mem:18.44M (Peak 18.44M) | Time:00:00.01 | Mem:0.00M, Peak:0.00M | Scene, ViewLayer | Synchronizing object | mesh.016
Fra:1 Mem:18.46M (Peak 18.46M) | Time:00:00.02 | Mem:0.00M, Peak:0.00M | Scene, ViewLayer | Synchronizing object | mesh.017
Fra:1 Mem:18.47M (Peak 18.47M) | Time:00:00.02 | Mem:0.00M, Peak:0.00M | Scene, ViewLayer | Synchronizing object | mesh.018
Fra:1 Mem:18.49M (Peak 18.49M) | Time:00:00.02 | Mem:0.00M, Peak:0.00M | Scene, ViewLayer | Synchronizing object | mesh.019
Fra:1 Mem:18.53M (Peak 18.53M) | Time:00:00.02 | Mem:0.00M, Peak:0.00M | Scene, ViewLayer | Synchronizing object | mesh.020
Fra:1 Mem:18.53M (Peak 18.53M) | Time:00:00.02 | Mem:0.00M, Peak:0.00M | Scene, ViewLayer | Synchronizing object | mesh.021
Fra:1 Mem:18.54M (Peak 18.54M) | Time:00:00.02 | Mem:0.00M, Peak:0.00M | Scene, ViewLayer | Synchronizing object | mesh.022
Fra:1 Mem:18.58M (Peak 18.58M) | Time:00:00.02 | Mem:0.00M, Peak:0.00M | Scene, ViewLayer | Synchronizing object | mesh.023
Fra:1 Mem:18.62M (Peak 18.62M) | Time:00:00.02 | Mem:0.00M, Peak:0.00M | Scene, ViewLayer | Synchronizing object | mesh.024
Fra:1 Mem:18.62M (Peak 18.62M) | Time:00:00.02 | Mem:0.00M, Peak:0.00M | Scene, ViewLayer | Synchronizing object | mesh.039
Fra:1 Mem:18.64M (Peak 18.64M) | Time:00:00.02 | Mem:0.00M, Peak:0.00M | Scene, ViewLayer | Synchronizing object | mesh.027
Fra:1 Mem:18.68M (Peak 18.68M) | Time:00:00.02 | Mem:0.00M, Peak:0.00M | Scene, ViewLayer | Synchronizing object | mesh.038
Fra:1 Mem:18.72M (Peak 18.72M) | Time:00:00.02 | Mem:0.00M, Peak:0.00M | Scene, ViewLayer | Synchronizing object | mesh.037
Fra:1 Mem:18.75M (Peak 18.75M) | Time:00:00.02 | Mem:0.00M, Peak:0.00M | Scene, ViewLayer | Synchronizing object | fir-variant-0
Fra:1 Mem:18.75M (Peak 18.75M) | Time:00:00.02 | Mem:0.00M, Peak:0.00M | Scene, ViewLayer | Synchronizing object | mesh.036
Fra:1 Mem:18.82M (Peak 18.82M) | Time:00:00.02 | Mem:0.00M, Peak:0.00M | Scene, ViewLayer | Synchronizing object | fir-variant-1
Fra:1 Mem:18.82M (Peak 18.82M) | Time:00:00.02 | Mem:0.00M, Peak:0.00M | Scene, ViewLayer | Synchronizing object | rock-variant-0
Fra:1 Mem:18.90M (Peak 18.90M) | Time:00:00.02 | Mem:0.00M, Peak:0.00M | Scene, ViewLayer | Synchronizing object | rock-variant-2
Fra:1 Mem:18.93M (Peak 18.93M) | Time:00:00.02 | Mem:0.00M, Peak:0.00M | Scene, ViewLayer | Synchronizing object | mesh.028
Fra:1 Mem:18.94M (Peak 18.94M) | Time:00:00.02 | Mem:0.00M, Peak:0.00M | Scene, ViewLayer | Synchronizing object | mesh.029
Fra:1 Mem:18.93M (Peak 18.94M) | Time:00:00.02 | Mem:0.00M, Peak:0.00M | Scene, ViewLayer | Synchronizing object | mesh.031
Fra:1 Mem:18.98M (Peak 18.98M) | Time:00:00.02 | Mem:0.00M, Peak:0.00M | Scene, ViewLayer | Synchronizing object | mesh.032
Fra:1 Mem:18.98M (Peak 18.98M) | Time:00:00.02 | Mem:0.00M, Peak:0.00M | Scene, ViewLayer | Synchronizing object | mesh.033
Fra:1 Mem:19.01M (Peak 19.01M) | Time:00:00.02 | Mem:0.00M, Peak:0.00M | Scene, ViewLayer | Initializing
Fra:1 Mem:15.57M (Peak 19.01M) | Time:00:00.02 | Mem:0.00M, Peak:0.00M | Scene, ViewLayer | Waiting for render to start
Fra:1 Mem:15.58M (Peak 19.01M) | Time:00:00.02 | Mem:0.00M, Peak:0.00M | Scene, ViewLayer | Loading render kernels (may take a few minutes the first time)
Fra:1 Mem:15.58M (Peak 19.01M) | Time:00:00.02 | Mem:0.00M, Peak:0.00M | Scene, ViewLayer | Updating Scene
Fra:1 Mem:15.58M (Peak 19.01M) | Time:00:00.02 | Mem:0.00M, Peak:0.00M | Scene, ViewLayer | Updating Shaders
Fra:1 Mem:15.67M (Peak 19.01M) | Time:00:00.02 | Mem:0.01M, Peak:0.01M | Scene, ViewLayer | Updating Procedurals
Fra:1 Mem:15.67M (Peak 19.01M) | Time:00:00.02 | Mem:0.01M, Peak:0.01M | Scene, ViewLayer | Updating Background
Fra:1 Mem:15.67M (Peak 19.01M) | Time:00:00.02 | Mem:0.01M, Peak:0.01M | Scene, ViewLayer | Updating Camera
Fra:1 Mem:15.67M (Peak 19.01M) | Time:00:00.02 | Mem:0.01M, Peak:0.01M | Scene, ViewLayer | Updating Meshes Flags
Fra:1 Mem:15.67M (Peak 19.01M) | Time:00:00.02 | Mem:0.01M, Peak:0.01M | Scene, ViewLayer | Updating Objects
Fra:1 Mem:15.67M (Peak 19.01M) | Time:00:00.02 | Mem:0.01M, Peak:0.01M | Scene, ViewLayer | Updating Objects | Copying Transformations to device
Fra:1 Mem:15.69M (Peak 19.01M) | Time:00:00.02 | Mem:0.03M, Peak:0.03M | Scene, ViewLayer | Updating Objects | Applying Static Transformations
Fra:1 Mem:15.69M (Peak 19.01M) | Time:00:00.02 | Mem:0.03M, Peak:0.03M | Scene, ViewLayer | Updating Particle Systems
Fra:1 Mem:15.69M (Peak 19.01M) | Time:00:00.02 | Mem:0.03M, Peak:0.03M | Scene, ViewLayer | Updating Particle Systems | Copying Particles to device
Fra:1 Mem:15.69M (Peak 19.01M) | Time:00:00.02 | Mem:0.03M, Peak:0.03M | Scene, ViewLayer | Updating Meshes
Fra:1 Mem:15.75M (Peak 19.01M) | Time:00:00.02 | Mem:0.03M, Peak:0.03M | Scene, ViewLayer | Updating Mesh | Computing attributes
Fra:1 Mem:15.79M (Peak 19.01M) | Time:00:00.02 | Mem:0.03M, Peak:0.03M | Scene, ViewLayer | Updating Mesh | Copying Attributes to device
Fra:1 Mem:15.78M (Peak 19.01M) | Time:00:00.02 | Mem:0.06M, Peak:0.06M | Scene, ViewLayer | Updating Geometry BVH rock-variant-2 6/6 | Building BVH
Fra:1 Mem:15.78M (Peak 19.01M) | Time:00:00.02 | Mem:0.06M, Peak:0.06M | Scene, ViewLayer | Updating Geometry BVH fir-variant-1 2/6 | Building BVH
Fra:1 Mem:15.78M (Peak 19.01M) | Time:00:00.02 | Mem:0.06M, Peak:0.06M | Scene, ViewLayer | Updating Geometry BVH fir-variant-0 1/6 | Building BVH
Fra:1 Mem:15.78M (Peak 19.01M) | Time:00:00.02 | Mem:0.06M, Peak:0.06M | Scene, ViewLayer | Updating Geometry BVH fir-variant-0 1/6 | Building BVH 0%
Fra:1 Mem:15.78M (Peak 19.01M) | Time:00:00.02 | Mem:0.08M, Peak:0.08M | Scene, ViewLayer | Updating Geometry BVH rock-variant-1 5/6 | Building BVH
Fra:1 Mem:15.78M (Peak 19.01M) | Time:00:00.02 | Mem:0.08M, Peak:0.08M | Scene, ViewLayer | Updating Geometry BVH rock-variant-0 4/6 | Building BVH
Fra:1 Mem:15.78M (Peak 19.01M) | Time:00:00.02 | Mem:0.10M, Peak:0.10M | Scene, ViewLayer | Updating Scene BVH | Building
Fra:1 Mem:15.78M (Peak 19.01M) | Time:00:00.02 | Mem:0.10M, Peak:0.10M | Scene, ViewLayer | Updating Scene BVH | Building BVH
Fra:1 Mem:15.78M (Peak 19.01M) | Time:00:00.02 | Mem:0.36M, Peak:0.47M | Scene, ViewLayer | Updating Scene BVH | Copying BVH to device
Fra:1 Mem:15.78M (Peak 19.01M) | Time:00:00.02 | Mem:0.36M, Peak:0.47M | Scene, ViewLayer | Updating Mesh | Computing normals
Fra:1 Mem:16.24M (Peak 19.01M) | Time:00:00.02 | Mem:0.36M, Peak:0.47M | Scene, ViewLayer | Updating Mesh | Copying Mesh to device
Fra:1 Mem:16.24M (Peak 19.01M) | Time:00:00.02 | Mem:0.81M, Peak:0.81M | Scene, ViewLayer | Updating Objects Flags
Fra:1 Mem:16.24M (Peak 19.01M) | Time:00:00.02 | Mem:0.81M, Peak:0.81M | Scene, ViewLayer | Updating Primitive Offsets
Fra:1 Mem:16.24M (Peak 19.01M) | Time:00:00.02 | Mem:0.81M, Peak:0.81M | Scene, ViewLayer | Updating Images
Fra:1 Mem:16.24M (Peak 19.01M) | Time:00:00.02 | Mem:0.81M, Peak:0.81M | Scene, ViewLayer | Updating Camera Volume
Fra:1 Mem:16.24M (Peak 19.01M) | Time:00:00.02 | Mem:0.81M, Peak:0.81M | Scene, ViewLayer | Updating Lookup Tables
Fra:1 Mem:16.24M (Peak 19.01M) | Time:00:00.02 | Mem:0.89M, Peak:0.89M | Scene, ViewLayer | Updating Lights
Fra:1 Mem:16.24M (Peak 19.01M) | Time:00:00.02 | Mem:0.89M, Peak:0.89M | Scene, ViewLayer | Updating Lights | Computing tree
Fra:1 Mem:16.27M (Peak 19.01M) | Time:00:00.02 | Mem:0.92M, Peak:0.92M | Scene, ViewLayer | Updating Integrator
Fra:1 Mem:16.27M (Peak 19.01M) | Time:00:00.02 | Mem:0.92M, Peak:0.92M | Scene, ViewLayer | Updating Film
Fra:1 Mem:16.27M (Peak 19.01M) | Time:00:00.02 | Mem:0.84M, Peak:0.92M | Scene, ViewLayer | Updating Lookup Tables
Fra:1 Mem:16.27M (Peak 19.01M) | Time:00:00.02 | Mem:0.93M, Peak:0.93M | Scene, ViewLayer | Updating Baking
Fra:1 Mem:16.27M (Peak 19.01M) | Time:00:00.02 | Mem:0.93M, Peak:0.93M | Scene, ViewLayer | Updating Device | Writing constant memory
Fra:1 Mem:16.27M (Peak 19.01M) | Time:00:00.02 | Mem:0.93M, Peak:0.93M | Scene, ViewLayer | Sample 0/16
Fra:1 Mem:55.06M (Peak 55.06M) | Time:00:01.25 | Remaining:00:18.35 | Mem:39.70M, Peak:39.70M | Scene, ViewLayer | Sample 1/16
Fra:1 Mem:72.30M (Peak 106.77M) | Time:00:25.09 | Mem:39.70M, Peak:39.70M | Scene, ViewLayer | Sample 16/16
Fra:1 Mem:72.30M (Peak 106.77M) | Time:00:25.09 | Mem:39.70M, Peak:39.70M | Scene, ViewLayer | Finished
Saved: 'docs/prototypes/alpine/evidence/art-pass/01-start-blender-preview.png'
Time: 00:25.83 (Saving: 00:00.72)

AUXILIARY_PREVIEW_SAVED 01-start
Fra:1 Mem:19.83M (Peak 19.83M) | Time:00:00.02 | Mem:0.00M, Peak:0.00M | Scene, ViewLayer | Synchronizing object | mesh
Fra:1 Mem:19.83M (Peak 19.83M) | Time:00:00.02 | Mem:0.00M, Peak:0.00M | Scene, ViewLayer | Synchronizing object | mesh.001
Fra:1 Mem:19.83M (Peak 19.83M) | Time:00:00.02 | Mem:0.00M, Peak:0.00M | Scene, ViewLayer | Synchronizing object | mesh.002
Fra:1 Mem:19.83M (Peak 19.83M) | Time:00:00.02 | Mem:0.00M, Peak:0.00M | Scene, ViewLayer | Synchronizing object | mesh.003
Fra:1 Mem:19.83M (Peak 19.83M) | Time:00:00.02 | Mem:0.00M, Peak:0.00M | Scene, ViewLayer | Synchronizing object | mesh.004
Fra:1 Mem:19.84M (Peak 19.84M) | Time:00:00.02 | Mem:0.00M, Peak:0.00M | Scene, ViewLayer | Synchronizing object | mesh.005
Fra:1 Mem:19.86M (Peak 19.86M) | Time:00:00.02 | Mem:0.00M, Peak:0.00M | Scene, ViewLayer | Synchronizing object | mesh.006
Fra:1 Mem:19.89M (Peak 19.89M) | Time:00:00.02 | Mem:0.00M, Peak:0.00M | Scene, ViewLayer | Synchronizing object | mesh.007
Fra:1 Mem:19.90M (Peak 19.90M) | Time:00:00.02 | Mem:0.00M, Peak:0.00M | Scene, ViewLayer | Synchronizing object | mesh.008
Fra:1 Mem:19.93M (Peak 19.93M) | Time:00:00.02 | Mem:0.00M, Peak:0.00M | Scene, ViewLayer | Synchronizing object | mesh.009
Fra:1 Mem:19.94M (Peak 19.94M) | Time:00:00.02 | Mem:0.00M, Peak:0.00M | Scene, ViewLayer | Synchronizing object | mesh.010
Fra:1 Mem:19.97M (Peak 19.97M) | Time:00:00.02 | Mem:0.00M, Peak:0.00M | Scene, ViewLayer | Synchronizing object | mesh.011
Fra:1 Mem:19.97M (Peak 19.97M) | Time:00:00.02 | Mem:0.00M, Peak:0.00M | Scene, ViewLayer | Synchronizing object | mesh.012
Fra:1 Mem:19.99M (Peak 19.99M) | Time:00:00.02 | Mem:0.00M, Peak:0.00M | Scene, ViewLayer | Synchronizing object | mesh.013
Fra:1 Mem:20.01M (Peak 20.01M) | Time:00:00.02 | Mem:0.00M, Peak:0.00M | Scene, ViewLayer | Synchronizing object | mesh.014
Fra:1 Mem:20.05M (Peak 20.05M) | Time:00:00.02 | Mem:0.00M, Peak:0.00M | Scene, ViewLayer | Synchronizing object | mesh.015
Fra:1 Mem:20.07M (Peak 20.07M) | Time:00:00.02 | Mem:0.00M, Peak:0.00M | Scene, ViewLayer | Synchronizing object | mesh.016
Fra:1 Mem:20.09M (Peak 20.09M) | Time:00:00.02 | Mem:0.00M, Peak:0.00M | Scene, ViewLayer | Synchronizing object | mesh.017
Fra:1 Mem:20.10M (Peak 20.10M) | Time:00:00.02 | Mem:0.00M, Peak:0.00M | Scene, ViewLayer | Synchronizing object | mesh.018
Fra:1 Mem:20.14M (Peak 20.14M) | Time:00:00.02 | Mem:0.00M, Peak:0.00M | Scene, ViewLayer | Synchronizing object | mesh.019
Fra:1 Mem:20.15M (Peak 20.15M) | Time:00:00.02 | Mem:0.00M, Peak:0.00M | Scene, ViewLayer | Synchronizing object | mesh.020
Fra:1 Mem:20.17M (Peak 20.17M) | Time:00:00.02 | Mem:0.00M, Peak:0.00M | Scene, ViewLayer | Synchronizing object | mesh.021
Fra:1 Mem:20.18M (Peak 20.18M) | Time:00:00.02 | Mem:0.00M, Peak:0.00M | Scene, ViewLayer | Synchronizing object | mesh.022
Fra:1 Mem:20.21M (Peak 20.21M) | Time:00:00.02 | Mem:0.00M, Peak:0.00M | Scene, ViewLayer | Synchronizing object | mesh.023
Fra:1 Mem:20.27M (Peak 20.27M) | Time:00:00.02 | Mem:0.00M, Peak:0.00M | Scene, ViewLayer | Synchronizing object | mesh.024
Fra:1 Mem:20.26M (Peak 20.27M) | Time:00:00.02 | Mem:0.00M, Peak:0.00M | Scene, ViewLayer | Synchronizing object | mesh.025
Fra:1 Mem:20.29M (Peak 20.29M) | Time:00:00.02 | Mem:0.00M, Peak:0.00M | Scene, ViewLayer | Synchronizing object | mesh.026
Fra:1 Mem:20.31M (Peak 20.31M) | Time:00:00.02 | Mem:0.00M, Peak:0.00M | Scene, ViewLayer | Synchronizing object | mesh.027
Fra:1 Mem:20.35M (Peak 20.35M) | Time:00:00.02 | Mem:0.00M, Peak:0.00M | Scene, ViewLayer | Synchronizing object | fir-variant-0
Fra:1 Mem:20.37M (Peak 20.37M) | Time:00:00.02 | Mem:0.00M, Peak:0.00M | Scene, ViewLayer | Synchronizing object | fir-variant-1
Fra:1 Mem:20.41M (Peak 20.41M) | Time:00:00.02 | Mem:0.00M, Peak:0.00M | Scene, ViewLayer | Synchronizing object | fir-variant-2
Fra:1 Mem:20.45M (Peak 20.45M) | Time:00:00.02 | Mem:0.00M, Peak:0.00M | Scene, ViewLayer | Synchronizing object | rock-variant-0
Fra:1 Mem:20.45M (Peak 20.45M) | Time:00:00.02 | Mem:0.00M, Peak:0.00M | Scene, ViewLayer | Synchronizing object | rock-variant-1
Fra:1 Mem:20.45M (Peak 20.45M) | Time:00:00.02 | Mem:0.00M, Peak:0.00M | Scene, ViewLayer | Synchronizing object | rock-variant-2
Fra:1 Mem:20.46M (Peak 20.46M) | Time:00:00.02 | Mem:0.00M, Peak:0.00M | Scene, ViewLayer | Synchronizing object | mesh.028
Fra:1 Mem:20.47M (Peak 20.47M) | Time:00:00.02 | Mem:0.00M, Peak:0.00M | Scene, ViewLayer | Synchronizing object | mesh.029
Fra:1 Mem:20.47M (Peak 20.47M) | Time:00:00.02 | Mem:0.00M, Peak:0.00M | Scene, ViewLayer | Synchronizing object | mesh.030
Fra:1 Mem:20.47M (Peak 20.47M) | Time:00:00.02 | Mem:0.00M, Peak:0.00M | Scene, ViewLayer | Synchronizing object | mesh.031
Fra:1 Mem:20.49M (Peak 20.49M) | Time:00:00.02 | Mem:0.00M, Peak:0.00M | Scene, ViewLayer | Synchronizing object | mesh.032
Fra:1 Mem:20.50M (Peak 20.50M) | Time:00:00.02 | Mem:0.00M, Peak:0.00M | Scene, ViewLayer | Synchronizing object | mesh.033
Fra:1 Mem:20.50M (Peak 20.50M) | Time:00:00.02 | Mem:0.00M, Peak:0.00M | Scene, ViewLayer | Synchronizing object | mesh.034
Fra:1 Mem:20.51M (Peak 20.51M) | Time:00:00.02 | Mem:0.00M, Peak:0.00M | Scene, ViewLayer | Synchronizing object | mesh.035
Fra:1 Mem:20.60M (Peak 20.60M) | Time:00:00.02 | Mem:0.00M, Peak:0.00M | Scene, ViewLayer | Synchronizing object | mesh.036
Fra:1 Mem:20.61M (Peak 20.61M) | Time:00:00.02 | Mem:0.00M, Peak:0.00M | Scene, ViewLayer | Synchronizing object | mesh.037
Fra:1 Mem:20.61M (Peak 20.61M) | Time:00:00.02 | Mem:0.00M, Peak:0.00M | Scene, ViewLayer | Synchronizing object | mesh.038
Fra:1 Mem:20.62M (Peak 20.62M) | Time:00:00.02 | Mem:0.00M, Peak:0.00M | Scene, ViewLayer | Synchronizing object | mesh.039
Fra:1 Mem:20.67M (Peak 20.67M) | Time:00:00.03 | Mem:0.00M, Peak:0.00M | Scene, ViewLayer | Initializing
Fra:1 Mem:17.23M (Peak 20.67M) | Time:00:00.03 | Mem:0.00M, Peak:0.00M | Scene, ViewLayer | Waiting for render to start
Fra:1 Mem:17.23M (Peak 20.67M) | Time:00:00.03 | Mem:0.00M, Peak:0.00M | Scene, ViewLayer | Loading render kernels (may take a few minutes the first time)
Fra:1 Mem:17.23M (Peak 20.67M) | Time:00:00.03 | Mem:0.00M, Peak:0.00M | Scene, ViewLayer | Updating Scene
Fra:1 Mem:17.23M (Peak 20.67M) | Time:00:00.03 | Mem:0.00M, Peak:0.00M | Scene, ViewLayer | Updating Shaders
Fra:1 Mem:17.32M (Peak 20.67M) | Time:00:00.03 | Mem:0.01M, Peak:0.01M | Scene, ViewLayer | Updating Procedurals
Fra:1 Mem:17.32M (Peak 20.67M) | Time:00:00.03 | Mem:0.01M, Peak:0.01M | Scene, ViewLayer | Updating Background
Fra:1 Mem:17.32M (Peak 20.67M) | Time:00:00.03 | Mem:0.01M, Peak:0.01M | Scene, ViewLayer | Updating Camera
Fra:1 Mem:17.32M (Peak 20.67M) | Time:00:00.03 | Mem:0.01M, Peak:0.01M | Scene, ViewLayer | Updating Meshes Flags
Fra:1 Mem:17.32M (Peak 20.67M) | Time:00:00.03 | Mem:0.01M, Peak:0.01M | Scene, ViewLayer | Updating Objects
Fra:1 Mem:17.32M (Peak 20.67M) | Time:00:00.03 | Mem:0.01M, Peak:0.01M | Scene, ViewLayer | Updating Objects | Copying Transformations to device
Fra:1 Mem:17.35M (Peak 20.67M) | Time:00:00.03 | Mem:0.03M, Peak:0.03M | Scene, ViewLayer | Updating Objects | Applying Static Transformations
Fra:1 Mem:17.35M (Peak 20.67M) | Time:00:00.03 | Mem:0.03M, Peak:0.03M | Scene, ViewLayer | Updating Particle Systems
Fra:1 Mem:17.35M (Peak 20.67M) | Time:00:00.03 | Mem:0.03M, Peak:0.03M | Scene, ViewLayer | Updating Particle Systems | Copying Particles to device
Fra:1 Mem:17.35M (Peak 20.67M) | Time:00:00.03 | Mem:0.03M, Peak:0.03M | Scene, ViewLayer | Updating Meshes
Fra:1 Mem:17.41M (Peak 20.67M) | Time:00:00.03 | Mem:0.03M, Peak:0.03M | Scene, ViewLayer | Updating Mesh | Computing attributes
Fra:1 Mem:17.45M (Peak 20.67M) | Time:00:00.03 | Mem:0.03M, Peak:0.03M | Scene, ViewLayer | Updating Mesh | Copying Attributes to device
Fra:1 Mem:17.44M (Peak 20.67M) | Time:00:00.03 | Mem:0.06M, Peak:0.06M | Scene, ViewLayer | Updating Geometry BVH rock-variant-2.001 6/6 | Building BVH
Fra:1 Mem:17.44M (Peak 20.67M) | Time:00:00.03 | Mem:0.06M, Peak:0.06M | Scene, ViewLayer | Updating Geometry BVH fir-variant-1.001 2/6 | Building BVH
Fra:1 Mem:17.44M (Peak 20.67M) | Time:00:00.03 | Mem:0.06M, Peak:0.06M | Scene, ViewLayer | Updating Geometry BVH fir-variant-1.001 2/6 | Building BVH 0%
Fra:1 Mem:17.44M (Peak 20.67M) | Time:00:00.03 | Mem:0.07M, Peak:0.07M | Scene, ViewLayer | Updating Geometry BVH rock-variant-1.001 5/6 | Building BVH
Fra:1 Mem:17.44M (Peak 20.67M) | Time:00:00.03 | Mem:0.07M, Peak:0.07M | Scene, ViewLayer | Updating Geometry BVH fir-variant-2.001 3/6 | Building BVH
Fra:1 Mem:17.44M (Peak 20.67M) | Time:00:00.03 | Mem:0.07M, Peak:0.08M | Scene, ViewLayer | Updating Geometry BVH rock-variant-0.001 4/6 | Building BVH
Fra:1 Mem:17.44M (Peak 20.67M) | Time:00:00.03 | Mem:0.10M, Peak:0.10M | Scene, ViewLayer | Updating Scene BVH | Building
Fra:1 Mem:17.44M (Peak 20.67M) | Time:00:00.03 | Mem:0.10M, Peak:0.10M | Scene, ViewLayer | Updating Scene BVH | Building BVH
Fra:1 Mem:17.44M (Peak 20.67M) | Time:00:00.04 | Mem:0.36M, Peak:0.47M | Scene, ViewLayer | Updating Scene BVH | Copying BVH to device
Fra:1 Mem:17.44M (Peak 20.67M) | Time:00:00.04 | Mem:0.36M, Peak:0.47M | Scene, ViewLayer | Updating Mesh | Computing normals
Fra:1 Mem:17.89M (Peak 20.67M) | Time:00:00.04 | Mem:0.36M, Peak:0.47M | Scene, ViewLayer | Updating Mesh | Copying Mesh to device
Fra:1 Mem:17.89M (Peak 20.67M) | Time:00:00.04 | Mem:0.81M, Peak:0.81M | Scene, ViewLayer | Updating Objects Flags
Fra:1 Mem:17.89M (Peak 20.67M) | Time:00:00.04 | Mem:0.81M, Peak:0.81M | Scene, ViewLayer | Updating Primitive Offsets
Fra:1 Mem:17.89M (Peak 20.67M) | Time:00:00.04 | Mem:0.81M, Peak:0.81M | Scene, ViewLayer | Updating Images
Fra:1 Mem:17.89M (Peak 20.67M) | Time:00:00.04 | Mem:0.81M, Peak:0.81M | Scene, ViewLayer | Updating Camera Volume
Fra:1 Mem:17.89M (Peak 20.67M) | Time:00:00.04 | Mem:0.81M, Peak:0.81M | Scene, ViewLayer | Updating Lookup Tables
Fra:1 Mem:17.89M (Peak 20.67M) | Time:00:00.04 | Mem:0.89M, Peak:0.89M | Scene, ViewLayer | Updating Lights
Fra:1 Mem:17.89M (Peak 20.67M) | Time:00:00.04 | Mem:0.89M, Peak:0.89M | Scene, ViewLayer | Updating Lights | Computing tree
Fra:1 Mem:17.93M (Peak 20.67M) | Time:00:00.05 | Mem:0.92M, Peak:0.92M | Scene, ViewLayer | Updating Integrator
Fra:1 Mem:17.93M (Peak 20.67M) | Time:00:00.05 | Mem:0.92M, Peak:0.92M | Scene, ViewLayer | Updating Film
Fra:1 Mem:17.93M (Peak 20.67M) | Time:00:00.05 | Mem:0.84M, Peak:0.92M | Scene, ViewLayer | Updating Lookup Tables
Fra:1 Mem:17.93M (Peak 20.67M) | Time:00:00.05 | Mem:0.93M, Peak:0.93M | Scene, ViewLayer | Updating Baking
Fra:1 Mem:17.93M (Peak 20.67M) | Time:00:00.05 | Mem:0.93M, Peak:0.93M | Scene, ViewLayer | Updating Device | Writing constant memory
Fra:1 Mem:17.93M (Peak 20.67M) | Time:00:00.05 | Mem:0.93M, Peak:0.93M | Scene, ViewLayer | Sample 0/16
Fra:1 Mem:56.72M (Peak 56.72M) | Time:00:01.30 | Remaining:00:18.73 | Mem:39.70M, Peak:39.70M | Scene, ViewLayer | Sample 1/16
Fra:1 Mem:73.96M (Peak 108.43M) | Time:00:18.28 | Mem:39.70M, Peak:39.70M | Scene, ViewLayer | Sample 16/16
Fra:1 Mem:73.96M (Peak 108.43M) | Time:00:18.28 | Mem:39.70M, Peak:39.70M | Scene, ViewLayer | Finished
Saved: 'docs/prototypes/alpine/evidence/art-pass/02-before-turn-blender-preview.png'
Time: 00:18.61 (Saving: 00:00.32)

AUXILIARY_PREVIEW_SAVED 02-before-turn
Fra:1 Mem:21.50M (Peak 21.50M) | Time:00:00.03 | Mem:0.00M, Peak:0.00M | Scene, ViewLayer | Synchronizing object | mesh
Fra:1 Mem:21.51M (Peak 21.51M) | Time:00:00.03 | Mem:0.00M, Peak:0.00M | Scene, ViewLayer | Synchronizing object | mesh.001
Fra:1 Mem:21.51M (Peak 21.51M) | Time:00:00.03 | Mem:0.00M, Peak:0.00M | Scene, ViewLayer | Synchronizing object | mesh.002
Fra:1 Mem:21.51M (Peak 21.51M) | Time:00:00.03 | Mem:0.00M, Peak:0.00M | Scene, ViewLayer | Synchronizing object | mesh.004
Fra:1 Mem:21.52M (Peak 21.52M) | Time:00:00.03 | Mem:0.00M, Peak:0.00M | Scene, ViewLayer | Synchronizing object | mesh.006
Fra:1 Mem:21.55M (Peak 21.55M) | Time:00:00.03 | Mem:0.00M, Peak:0.00M | Scene, ViewLayer | Synchronizing object | mesh.008
Fra:1 Mem:21.57M (Peak 21.57M) | Time:00:00.03 | Mem:0.00M, Peak:0.00M | Scene, ViewLayer | Synchronizing object | mesh.009
Fra:1 Mem:21.62M (Peak 21.62M) | Time:00:00.03 | Mem:0.00M, Peak:0.00M | Scene, ViewLayer | Synchronizing object | mesh.011
Fra:1 Mem:21.64M (Peak 21.64M) | Time:00:00.03 | Mem:0.00M, Peak:0.00M | Scene, ViewLayer | Synchronizing object | mesh.012
Fra:1 Mem:21.64M (Peak 21.64M) | Time:00:00.03 | Mem:0.00M, Peak:0.00M | Scene, ViewLayer | Synchronizing object | mesh.013
Fra:1 Mem:21.67M (Peak 21.67M) | Time:00:00.03 | Mem:0.00M, Peak:0.00M | Scene, ViewLayer | Synchronizing object | mesh.014
Fra:1 Mem:21.68M (Peak 21.68M) | Time:00:00.03 | Mem:0.00M, Peak:0.00M | Scene, ViewLayer | Synchronizing object | mesh.015
Fra:1 Mem:21.75M (Peak 21.75M) | Time:00:00.03 | Mem:0.00M, Peak:0.00M | Scene, ViewLayer | Synchronizing object | mesh.016
Fra:1 Mem:21.77M (Peak 21.77M) | Time:00:00.03 | Mem:0.00M, Peak:0.00M | Scene, ViewLayer | Synchronizing object | mesh.017
Fra:1 Mem:21.78M (Peak 21.78M) | Time:00:00.03 | Mem:0.00M, Peak:0.00M | Scene, ViewLayer | Synchronizing object | mesh.018
Fra:1 Mem:21.81M (Peak 21.81M) | Time:00:00.03 | Mem:0.00M, Peak:0.00M | Scene, ViewLayer | Synchronizing object | mesh.019
Fra:1 Mem:21.83M (Peak 21.83M) | Time:00:00.03 | Mem:0.00M, Peak:0.00M | Scene, ViewLayer | Synchronizing object | mesh.020
Fra:1 Mem:21.84M (Peak 21.84M) | Time:00:00.03 | Mem:0.00M, Peak:0.00M | Scene, ViewLayer | Synchronizing object | mesh.021
Fra:1 Mem:21.86M (Peak 21.86M) | Time:00:00.03 | Mem:0.00M, Peak:0.00M | Scene, ViewLayer | Synchronizing object | mesh.022
Fra:1 Mem:21.85M (Peak 21.86M) | Time:00:00.03 | Mem:0.00M, Peak:0.00M | Scene, ViewLayer | Synchronizing object | mesh.023
Fra:1 Mem:21.92M (Peak 21.92M) | Time:00:00.03 | Mem:0.00M, Peak:0.00M | Scene, ViewLayer | Synchronizing object | mesh.024
Fra:1 Mem:21.92M (Peak 21.92M) | Time:00:00.03 | Mem:0.00M, Peak:0.00M | Scene, ViewLayer | Synchronizing object | mesh.025
Fra:1 Mem:21.97M (Peak 21.97M) | Time:00:00.03 | Mem:0.00M, Peak:0.00M | Scene, ViewLayer | Synchronizing object | mesh.026
Fra:1 Mem:21.98M (Peak 21.98M) | Time:00:00.03 | Mem:0.00M, Peak:0.00M | Scene, ViewLayer | Synchronizing object | mesh.027
Fra:1 Mem:22.02M (Peak 22.02M) | Time:00:00.03 | Mem:0.00M, Peak:0.00M | Scene, ViewLayer | Synchronizing object | fir-variant-0
Fra:1 Mem:22.06M (Peak 22.06M) | Time:00:00.03 | Mem:0.00M, Peak:0.00M | Scene, ViewLayer | Synchronizing object | fir-variant-1
Fra:1 Mem:22.06M (Peak 22.06M) | Time:00:00.03 | Mem:0.00M, Peak:0.00M | Scene, ViewLayer | Synchronizing object | fir-variant-2
Fra:1 Mem:22.12M (Peak 22.12M) | Time:00:00.03 | Mem:0.00M, Peak:0.00M | Scene, ViewLayer | Synchronizing object | rock-variant-0
Fra:1 Mem:22.12M (Peak 22.12M) | Time:00:00.03 | Mem:0.00M, Peak:0.00M | Scene, ViewLayer | Synchronizing object | rock-variant-1
Fra:1 Mem:22.13M (Peak 22.13M) | Time:00:00.03 | Mem:0.00M, Peak:0.00M | Scene, ViewLayer | Synchronizing object | rock-variant-2
Fra:1 Mem:22.14M (Peak 22.14M) | Time:00:00.03 | Mem:0.00M, Peak:0.00M | Scene, ViewLayer | Synchronizing object | mesh.028
Fra:1 Mem:22.14M (Peak 22.14M) | Time:00:00.03 | Mem:0.00M, Peak:0.00M | Scene, ViewLayer | Synchronizing object | mesh.029
Fra:1 Mem:22.15M (Peak 22.15M) | Time:00:00.03 | Mem:0.00M, Peak:0.00M | Scene, ViewLayer | Synchronizing object | mesh.030
Fra:1 Mem:22.16M (Peak 22.16M) | Time:00:00.03 | Mem:0.00M, Peak:0.00M | Scene, ViewLayer | Synchronizing object | mesh.031
Fra:1 Mem:22.18M (Peak 22.18M) | Time:00:00.03 | Mem:0.00M, Peak:0.00M | Scene, ViewLayer | Synchronizing object | mesh.032
Fra:1 Mem:22.18M (Peak 22.18M) | Time:00:00.03 | Mem:0.00M, Peak:0.00M | Scene, ViewLayer | Synchronizing object | mesh.033
Fra:1 Mem:22.18M (Peak 22.18M) | Time:00:00.03 | Mem:0.00M, Peak:0.00M | Scene, ViewLayer | Synchronizing object | mesh.034
Fra:1 Mem:22.22M (Peak 22.22M) | Time:00:00.03 | Mem:0.00M, Peak:0.00M | Scene, ViewLayer | Synchronizing object | mesh.035
Fra:1 Mem:22.27M (Peak 22.27M) | Time:00:00.03 | Mem:0.00M, Peak:0.00M | Scene, ViewLayer | Synchronizing object | mesh.036
Fra:1 Mem:22.27M (Peak 22.27M) | Time:00:00.03 | Mem:0.00M, Peak:0.00M | Scene, ViewLayer | Synchronizing object | mesh.037
Fra:1 Mem:22.29M (Peak 22.29M) | Time:00:00.03 | Mem:0.00M, Peak:0.00M | Scene, ViewLayer | Synchronizing object | mesh.038
Fra:1 Mem:22.32M (Peak 22.32M) | Time:00:00.03 | Mem:0.00M, Peak:0.00M | Scene, ViewLayer | Synchronizing object | mesh.039
Fra:1 Mem:22.35M (Peak 22.35M) | Time:00:00.03 | Mem:0.00M, Peak:0.00M | Scene, ViewLayer | Initializing
Fra:1 Mem:18.91M (Peak 22.35M) | Time:00:00.03 | Mem:0.00M, Peak:0.00M | Scene, ViewLayer | Waiting for render to start
Fra:1 Mem:18.91M (Peak 22.35M) | Time:00:00.03 | Mem:0.00M, Peak:0.00M | Scene, ViewLayer | Loading render kernels (may take a few minutes the first time)
Fra:1 Mem:18.91M (Peak 22.35M) | Time:00:00.03 | Mem:0.00M, Peak:0.00M | Scene, ViewLayer | Updating Scene
Fra:1 Mem:18.91M (Peak 22.35M) | Time:00:00.03 | Mem:0.00M, Peak:0.00M | Scene, ViewLayer | Updating Shaders
Fra:1 Mem:19.00M (Peak 22.35M) | Time:00:00.03 | Mem:0.01M, Peak:0.01M | Scene, ViewLayer | Updating Procedurals
Fra:1 Mem:19.00M (Peak 22.35M) | Time:00:00.03 | Mem:0.01M, Peak:0.01M | Scene, ViewLayer | Updating Background
Fra:1 Mem:19.00M (Peak 22.35M) | Time:00:00.03 | Mem:0.01M, Peak:0.01M | Scene, ViewLayer | Updating Camera
Fra:1 Mem:19.00M (Peak 22.35M) | Time:00:00.03 | Mem:0.01M, Peak:0.01M | Scene, ViewLayer | Updating Meshes Flags
Fra:1 Mem:19.00M (Peak 22.35M) | Time:00:00.03 | Mem:0.01M, Peak:0.01M | Scene, ViewLayer | Updating Objects
Fra:1 Mem:19.00M (Peak 22.35M) | Time:00:00.03 | Mem:0.01M, Peak:0.01M | Scene, ViewLayer | Updating Objects | Copying Transformations to device
Fra:1 Mem:19.02M (Peak 22.35M) | Time:00:00.03 | Mem:0.03M, Peak:0.03M | Scene, ViewLayer | Updating Objects | Applying Static Transformations
Fra:1 Mem:19.02M (Peak 22.35M) | Time:00:00.03 | Mem:0.03M, Peak:0.03M | Scene, ViewLayer | Updating Particle Systems
Fra:1 Mem:19.02M (Peak 22.35M) | Time:00:00.03 | Mem:0.03M, Peak:0.03M | Scene, ViewLayer | Updating Particle Systems | Copying Particles to device
Fra:1 Mem:19.02M (Peak 22.35M) | Time:00:00.03 | Mem:0.03M, Peak:0.03M | Scene, ViewLayer | Updating Meshes
Fra:1 Mem:19.08M (Peak 22.35M) | Time:00:00.03 | Mem:0.03M, Peak:0.03M | Scene, ViewLayer | Updating Mesh | Computing attributes
Fra:1 Mem:19.12M (Peak 22.35M) | Time:00:00.03 | Mem:0.03M, Peak:0.03M | Scene, ViewLayer | Updating Mesh | Copying Attributes to device
Fra:1 Mem:19.11M (Peak 22.35M) | Time:00:00.03 | Mem:0.06M, Peak:0.06M | Scene, ViewLayer | Updating Geometry BVH rock-variant-2.002 6/6 | Building BVH
Fra:1 Mem:19.11M (Peak 22.35M) | Time:00:00.03 | Mem:0.06M, Peak:0.06M | Scene, ViewLayer | Updating Geometry BVH fir-variant-0.002 1/6 | Building BVH
Fra:1 Mem:19.11M (Peak 22.35M) | Time:00:00.03 | Mem:0.06M, Peak:0.06M | Scene, ViewLayer | Updating Geometry BVH fir-variant-1.002 2/6 | Building BVH
Fra:1 Mem:19.11M (Peak 22.35M) | Time:00:00.03 | Mem:0.06M, Peak:0.06M | Scene, ViewLayer | Updating Geometry BVH fir-variant-1.002 2/6 | Building BVH 0%
Fra:1 Mem:19.11M (Peak 22.35M) | Time:00:00.03 | Mem:0.07M, Peak:0.07M | Scene, ViewLayer | Updating Geometry BVH rock-variant-1.002 5/6 | Building BVH
Fra:1 Mem:19.11M (Peak 22.35M) | Time:00:00.03 | Mem:0.08M, Peak:0.09M | Scene, ViewLayer | Updating Geometry BVH rock-variant-0.002 4/6 | Building BVH
Fra:1 Mem:19.11M (Peak 22.35M) | Time:00:00.03 | Mem:0.08M, Peak:0.09M | Scene, ViewLayer | Updating Geometry BVH fir-variant-2.002 3/6 | Building BVH
Fra:1 Mem:19.11M (Peak 22.35M) | Time:00:00.03 | Mem:0.10M, Peak:0.10M | Scene, ViewLayer | Updating Scene BVH | Building
Fra:1 Mem:19.11M (Peak 22.35M) | Time:00:00.03 | Mem:0.10M, Peak:0.10M | Scene, ViewLayer | Updating Scene BVH | Building BVH
Fra:1 Mem:19.11M (Peak 22.35M) | Time:00:00.04 | Mem:0.36M, Peak:0.47M | Scene, ViewLayer | Updating Scene BVH | Copying BVH to device
Fra:1 Mem:19.11M (Peak 22.35M) | Time:00:00.04 | Mem:0.36M, Peak:0.47M | Scene, ViewLayer | Updating Mesh | Computing normals
Fra:1 Mem:19.57M (Peak 22.35M) | Time:00:00.04 | Mem:0.36M, Peak:0.47M | Scene, ViewLayer | Updating Mesh | Copying Mesh to device
Fra:1 Mem:19.57M (Peak 22.35M) | Time:00:00.04 | Mem:0.81M, Peak:0.81M | Scene, ViewLayer | Updating Objects Flags
Fra:1 Mem:19.57M (Peak 22.35M) | Time:00:00.04 | Mem:0.81M, Peak:0.81M | Scene, ViewLayer | Updating Primitive Offsets
Fra:1 Mem:19.57M (Peak 22.35M) | Time:00:00.04 | Mem:0.81M, Peak:0.81M | Scene, ViewLayer | Updating Images
Fra:1 Mem:19.57M (Peak 22.35M) | Time:00:00.04 | Mem:0.81M, Peak:0.81M | Scene, ViewLayer | Updating Camera Volume
Fra:1 Mem:19.57M (Peak 22.35M) | Time:00:00.04 | Mem:0.81M, Peak:0.81M | Scene, ViewLayer | Updating Lookup Tables
Fra:1 Mem:19.57M (Peak 22.35M) | Time:00:00.04 | Mem:0.89M, Peak:0.89M | Scene, ViewLayer | Updating Lights
Fra:1 Mem:19.57M (Peak 22.35M) | Time:00:00.04 | Mem:0.89M, Peak:0.89M | Scene, ViewLayer | Updating Lights | Computing tree
Fra:1 Mem:19.60M (Peak 22.35M) | Time:00:00.04 | Mem:0.92M, Peak:0.92M | Scene, ViewLayer | Updating Integrator
Fra:1 Mem:19.60M (Peak 22.35M) | Time:00:00.04 | Mem:0.92M, Peak:0.92M | Scene, ViewLayer | Updating Film
Fra:1 Mem:19.60M (Peak 22.35M) | Time:00:00.04 | Mem:0.84M, Peak:0.92M | Scene, ViewLayer | Updating Lookup Tables
Fra:1 Mem:19.60M (Peak 22.35M) | Time:00:00.04 | Mem:0.93M, Peak:0.93M | Scene, ViewLayer | Updating Baking
Fra:1 Mem:19.60M (Peak 22.35M) | Time:00:00.04 | Mem:0.93M, Peak:0.93M | Scene, ViewLayer | Updating Device | Writing constant memory
Fra:1 Mem:19.60M (Peak 22.35M) | Time:00:00.04 | Mem:0.93M, Peak:0.93M | Scene, ViewLayer | Sample 0/16
Fra:1 Mem:58.40M (Peak 58.40M) | Time:00:00.95 | Remaining:00:13.73 | Mem:39.70M, Peak:39.70M | Scene, ViewLayer | Sample 1/16
Fra:1 Mem:75.63M (Peak 110.10M) | Time:00:14.05 | Mem:39.70M, Peak:39.70M | Scene, ViewLayer | Sample 16/16
Fra:1 Mem:75.63M (Peak 110.10M) | Time:00:14.05 | Mem:39.70M, Peak:39.70M | Scene, ViewLayer | Finished
Saved: 'docs/prototypes/alpine/evidence/art-pass/03-near-finish-blender-preview.png'
Time: 00:14.34 (Saving: 00:00.27)

AUXILIARY_PREVIEW_SAVED 03-near-finish

Blender quit
