Blender 4.3.2
Fra:1 Mem:18.18M (Peak 18.18M) | Time:00:00.03 | Mem:0.00M, Peak:0.00M | Scene, ViewLayer | Synchronizing object | mesh.001
Fra:1 Mem:18.18M (Peak 18.18M) | Time:00:00.03 | Mem:0.00M, Peak:0.00M | Scene, ViewLayer | Synchronizing object | mesh.002
Fra:1 Mem:18.20M (Peak 18.20M) | Time:00:00.03 | Mem:0.00M, Peak:0.00M | Scene, ViewLayer | Synchronizing object | mesh.003
Fra:1 Mem:18.20M (Peak 18.20M) | Time:00:00.03 | Mem:0.00M, Peak:0.00M | Scene, ViewLayer | Synchronizing object | mesh.004
Fra:1 Mem:18.21M (Peak 18.21M) | Time:00:00.03 | Mem:0.00M, Peak:0.00M | Scene, ViewLayer | Synchronizing object | mesh.005
Fra:1 Mem:18.23M (Peak 18.23M) | Time:00:00.03 | Mem:0.00M, Peak:0.00M | Scene, ViewLayer | Synchronizing object | mesh.006
Fra:1 Mem:18.26M (Peak 18.26M) | Time:00:00.03 | Mem:0.00M, Peak:0.00M | Scene, ViewLayer | Synchronizing object | mesh.007
Fra:1 Mem:18.28M (Peak 18.28M) | Time:00:00.03 | Mem:0.00M, Peak:0.00M | Scene, ViewLayer | Synchronizing object | mesh.008
Fra:1 Mem:18.30M (Peak 18.30M) | Time:00:00.03 | Mem:0.00M, Peak:0.00M | Scene, ViewLayer | Synchronizing object | mesh.009
Fra:1 Mem:18.31M (Peak 18.31M) | Time:00:00.03 | Mem:0.00M, Peak:0.00M | Scene, ViewLayer | Synchronizing object | mesh.010
Fra:1 Mem:18.31M (Peak 18.31M) | Time:00:00.03 | Mem:0.00M, Peak:0.00M | Scene, ViewLayer | Synchronizing object | mesh.011
Fra:1 Mem:18.37M (Peak 18.37M) | Time:00:00.03 | Mem:0.00M, Peak:0.00M | Scene, ViewLayer | Synchronizing object | mesh.012
Fra:1 Mem:18.38M (Peak 18.38M) | Time:00:00.03 | Mem:0.00M, Peak:0.00M | Scene, ViewLayer | Synchronizing object | mesh.013
Fra:1 Mem:18.39M (Peak 18.39M) | Time:00:00.03 | Mem:0.00M, Peak:0.00M | Scene, ViewLayer | Synchronizing object | mesh.014
Fra:1 Mem:18.42M (Peak 18.42M) | Time:00:00.03 | Mem:0.00M, Peak:0.00M | Scene, ViewLayer | Synchronizing object | mesh.015
Fra:1 Mem:18.44M (Peak 18.44M) | Time:00:00.03 | Mem:0.00M, Peak:0.00M | Scene, ViewLayer | Synchronizing object | mesh.016
Fra:1 Mem:18.46M (Peak 18.46M) | Time:00:00.03 | Mem:0.00M, Peak:0.00M | Scene, ViewLayer | Synchronizing object | mesh.017
Fra:1 Mem:18.47M (Peak 18.47M) | Time:00:00.03 | Mem:0.00M, Peak:0.00M | Scene, ViewLayer | Synchronizing object | mesh.018
Fra:1 Mem:18.50M (Peak 18.50M) | Time:00:00.03 | Mem:0.00M, Peak:0.00M | Scene, ViewLayer | Synchronizing object | mesh.019
Fra:1 Mem:18.52M (Peak 18.52M) | Time:00:00.03 | Mem:0.00M, Peak:0.00M | Scene, ViewLayer | Synchronizing object | mesh.020
Fra:1 Mem:18.53M (Peak 18.53M) | Time:00:00.03 | Mem:0.00M, Peak:0.00M | Scene, ViewLayer | Synchronizing object | mesh.039
Fra:1 Mem:18.54M (Peak 18.54M) | Time:00:00.03 | Mem:0.00M, Peak:0.00M | Scene, ViewLayer | Synchronizing object | mesh.021
Fra:1 Mem:18.57M (Peak 18.57M) | Time:00:00.03 | Mem:0.00M, Peak:0.00M | Scene, ViewLayer | Synchronizing object | mesh.022
Fra:1 Mem:18.57M (Peak 18.57M) | Time:00:00.03 | Mem:0.00M, Peak:0.00M | Scene, ViewLayer | Synchronizing object | mesh.023
Fra:1 Mem:18.62M (Peak 18.62M) | Time:00:00.03 | Mem:0.00M, Peak:0.00M | Scene, ViewLayer | Synchronizing object | mesh.038
Fra:1 Mem:18.65M (Peak 18.65M) | Time:00:00.03 | Mem:0.00M, Peak:0.00M | Scene, ViewLayer | Synchronizing object | mesh.024
Fra:1 Mem:18.67M (Peak 18.67M) | Time:00:00.03 | Mem:0.00M, Peak:0.00M | Scene, ViewLayer | Synchronizing object | mesh.025
Fra:1 Mem:18.70M (Peak 18.70M) | Time:00:00.03 | Mem:0.00M, Peak:0.00M | Scene, ViewLayer | Synchronizing object | mesh.026
Fra:1 Mem:18.71M (Peak 18.71M) | Time:00:00.03 | Mem:0.00M, Peak:0.00M | Scene, ViewLayer | Synchronizing object | mesh.037
Fra:1 Mem:18.73M (Peak 18.73M) | Time:00:00.03 | Mem:0.00M, Peak:0.00M | Scene, ViewLayer | Synchronizing object | mesh.027
Fra:1 Mem:18.75M (Peak 18.75M) | Time:00:00.03 | Mem:0.00M, Peak:0.00M | Scene, ViewLayer | Synchronizing object | mesh.036
Fra:1 Mem:18.77M (Peak 18.77M) | Time:00:00.03 | Mem:0.00M, Peak:0.00M | Scene, ViewLayer | Synchronizing object | fir-variant-0
Fra:1 Mem:18.78M (Peak 18.78M) | Time:00:00.03 | Mem:0.00M, Peak:0.00M | Scene, ViewLayer | Synchronizing object | mesh.035
Fra:1 Mem:18.81M (Peak 18.81M) | Time:00:00.03 | Mem:0.00M, Peak:0.00M | Scene, ViewLayer | Synchronizing object | rock-variant-0
Fra:1 Mem:18.85M (Peak 18.85M) | Time:00:00.03 | Mem:0.00M, Peak:0.00M | Scene, ViewLayer | Synchronizing object | rock-variant-1
Fra:1 Mem:18.87M (Peak 18.87M) | Time:00:00.03 | Mem:0.00M, Peak:0.00M | Scene, ViewLayer | Synchronizing object | rock-variant-2
Fra:1 Mem:18.88M (Peak 18.88M) | Time:00:00.03 | Mem:0.00M, Peak:0.00M | Scene, ViewLayer | Synchronizing object | mesh.028
Fra:1 Mem:18.88M (Peak 18.88M) | Time:00:00.03 | Mem:0.00M, Peak:0.00M | Scene, ViewLayer | Synchronizing object | mesh.029
Fra:1 Mem:18.90M (Peak 18.90M) | Time:00:00.03 | Mem:0.00M, Peak:0.00M | Scene, ViewLayer | Synchronizing object | mesh.034
Fra:1 Mem:18.90M (Peak 18.90M) | Time:00:00.03 | Mem:0.00M, Peak:0.00M | Scene, ViewLayer | Synchronizing object | mesh.033
Fra:1 Mem:18.95M (Peak 18.95M) | Time:00:00.03 | Mem:0.00M, Peak:0.00M | Scene, ViewLayer | Synchronizing object | mesh.032
Fra:1 Mem:18.96M (Peak 18.96M) | Time:00:00.03 | Mem:0.00M, Peak:0.00M | Scene, ViewLayer | Synchronizing object | mesh.031
Fra:1 Mem:19.02M (Peak 19.02M) | Time:00:00.03 | Mem:0.00M, Peak:0.00M | Scene, ViewLayer | Initializing
Fra:1 Mem:15.58M (Peak 19.02M) | Time:00:00.04 | Mem:0.00M, Peak:0.00M | Scene, ViewLayer | Waiting for render to start
Failed to denoise, build has no OpenImageDenoise support
Fra:1 Mem:15.58M (Peak 19.02M) | Time:00:00.04 | Mem:0.00M, Peak:0.00M | Scene, ViewLayer | Loading render kernels (may take a few minutes the first time)
Fra:1 Mem:15.58M (Peak 19.02M) | Time:00:00.04 | Mem:0.00M, Peak:0.00M | Scene, ViewLayer | Updating Scene
Fra:1 Mem:15.58M (Peak 19.02M) | Time:00:00.04 | Mem:0.00M, Peak:0.00M | Scene, ViewLayer | Updating Shaders
Fra:1 Mem:15.67M (Peak 19.02M) | Time:00:00.04 | Mem:0.01M, Peak:0.01M | Scene, ViewLayer | Loading denoising kernels (may take a few minutes the first time)
Fra:1 Mem:15.67M (Peak 19.02M) | Time:00:00.04 | Mem:0.01M, Peak:0.01M | Scene, ViewLayer | Failed to denoise, build has no OpenImageDenoise support
Traceback (most recent call last):
  File "/tmp/alpine-render-preview.py", line 48, in <module>
    bpy.ops.render.render(write_still=True)
    ~~~~~~~~~~~~~~~~~~~~~^^^^^^^^^^^^^^^^^^
  File "/usr/share/blender/scripts/modules/bpy/ops.py", line 109, in __call__
    ret = _op_call(self.idname_py(), kw)
RuntimeError: Error: Failed to denoise, build has no OpenImageDenoise support
Error: Failed to denoise, build has no OpenImageDenoise support

Error: Failed to denoise, build has no OpenImageDenoise support
Error: Failed to denoise, build has no OpenImageDenoise support

Blender quit
