
> pocketey-japan@0.1.0 test:browser
> playwright test


Running 20 tests using 1 worker

(node:34099) Warning: The 'NO_COLOR' env is ignored due to the 'FORCE_COLOR' env being set.
(Use `node --trace-warnings ...` to show where the warning was created)
  ✓   1 tests/games/browser.spec.ts:5:1 › licensed UI artwork loads and existing progress survives the visual refresh (18.8s)
orbit keyboard {
  fps: 52.7792438678852,
  p95: 33.400000000001455,
  p99: 33.400000000001455,
  max: 33.5
}
  ✓   2 tests/games/browser.spec.ts:31:2 › orbit-keyboard › three stages through normal input, unlock and persistence (59.0s)
orbit touch {
  fps: 60.003158060950575,
  p95: 16.700000000004366,
  p99: 16.80000000000291,
  max: 16.80000000000291
}
  ✓   3 tests/games/browser.spec.ts:31:2 › orbit-touch › three stages through normal input, unlock and persistence (57.7s)
amber keyboard {
  fps: 47.303689687795625,
  p95: 33.400000000001455,
  p99: 50,
  max: 50.099999999998545
}
  ✓   4 tests/games/browser.spec.ts:31:2 › amber-keyboard › three stages through normal input, unlock and persistence (45.4s)
amber touch {
  fps: 59.376855526735184,
  p95: 16.799999999999272,
  p99: 33.29999999999927,
  max: 33.30000000000291
}
  ✓   5 tests/games/browser.spec.ts:31:2 › amber-touch › three stages through normal input, unlock and persistence (44.4s)
  ✓   6 tests/games/browser.spec.ts:55:1 › failure/retry, pause/focus clears held input, restart cycles, orientation (6.0s)
  ✓   7 tests/games/browser.spec.ts:65:1 › corrupt/blocked storage and scoped confirmed reset (2.2s)
PERFORMANCE {
  fps: 59.38850320493127,
  p95: 16.799999999999272,
  renderer: 'ANGLE (Google, Vulkan 1.3.0 (SwiftShader Device (Subzero) (0x0000C0DE)), SwiftShader driver)',
  viewport: [ 390, 844 ],
  userAgent: 'Mozilla/5.0 (X11; Linux x86_64) AppleWebKit/537.36 (KHTML, like Gecko) HeadlessChrome/151.0.0.0 Safari/537.36'
}
  ✓   8 tests/games/browser.spec.ts:72:1 › touch simultaneous move+jump, touch cancel, layout, renderer performance and site navigation (7.4s)
  ✓   9 tests/games/browser.spec.ts:83:46 › orbit: WebGL context loss freezes play until reload and preserves saved data (17.1s)
  ✓  10 tests/games/browser.spec.ts:83:46 › amber: WebGL context loss freezes play until reload and preserves saved data (13.2s)
  ✓  11 tests/games/browser.spec.ts:128:46 › orbit: 320x568 menus and clear screen remain scroll-accessible (19.2s)
  ✓  12 tests/games/browser.spec.ts:128:46 › amber: 320x568 menus and clear screen remain scroll-accessible (15.2s)
  ✓  13 tests/games/browser.spec.ts:166:46 › orbit: simulated notch safe areas keep all controls inside every edge (1.7s)
  ✓  14 tests/games/browser.spec.ts:166:46 › amber: simulated notch safe areas keep all controls inside every edge (2.1s)
  ✓  15 tests/games/browser.spec.ts:201:1 › Amber simultaneous touch shows legible held feedback (1.6s)
  ✓  16 tests/games/browser.spec.ts:215:2 › orbit: selected 3D art loads, animation and normal controls remain usable (1.6s)
  ✓  17 tests/games/browser.spec.ts:269:2 › orbit: failed GLBs retain fallback, controls, clear and saves (16.4s)
  ✓  18 tests/games/browser.spec.ts:215:2 › amber: selected 3D art loads, animation and normal controls remain usable (2.5s)
  ✓  19 tests/games/browser.spec.ts:269:2 › amber: failed GLBs retain fallback, controls, clear and saves (12.2s)
  ✓  20 tests/games/browser.spec.ts:280:1 › missing shared colormap retains Amber fallback and gameplay (11.7s)

  Slow test file: tests/games/browser.spec.ts (5.9m)
  Consider running tests from slow files in parallel. See: https://playwright.dev/docs/test-parallel
  20 passed (5.9m)
npm notice
npm notice New major version of npm available! 11.9.0 -> 12.2.0
npm notice Changelog: https://github.com/npm/cli/releases/tag/v12.2.0
npm notice To update run: npm install -g npm@12.2.0
npm notice
