
> pocketey-japan@0.1.0 check
> astro check

18:49:48 [content] Syncing content
18:49:48 [content] Synced content
18:49:48 [types] Generated 37ms
18:49:48 [check] Getting diagnostics for Astro files in /workspace/pocketey-portal...
[96mdocs/games/evidence/performance-investigation/local-dpr-diagnostic.mjs[0m:[93m18[0m:[93m106[0m - [93mwarning[0m[90m ts(80007): [0m'await' has no effect on the type of this expression.

[7m18[0m await b.close();fs.writeFileSync(process.argv[2]||'/tmp/pocketey-diagnosis.json',JSON.stringify({browser:await b.version(),results},null,2));
[7m  [0m [93m                                                                                                         ~~~~~~~~~~~~~~~~~[0m

[96mdocs/games/evidence/ui-refresh/local-initial/effects-probe.mjs[0m:[93m2[0m:[93m124[0m - [93mwarning[0m[90m ts(6133): [0m'css' is declared but its value is never read.

[7m2[0m const oldRoot='/tmp/pocketey-before-lighting';const h=fs.readFileSync(oldRoot+'/games/amber-step/index.html','utf8');const css=fs.readFileSync(oldRoot+h.match(/href="([^"]+\.css)"/)[1],'utf8');
[7m [0m [93m                                                                                                                           ~~~[0m

[96mtests/games/browser.spec.ts[0m:[93m2[0m:[93m33[0m - [93mwarning[0m[90m ts(6133): [0m'Kind' is declared but its value is never read.

[7m2[0m import { stages, SAVE_KEY, type Kind } from '../../src/games/model';
[7m [0m [93m                                ~~~~[0m
[96mtests/games/browser.spec.ts[0m:[93m2[0m:[93m10[0m - [93mwarning[0m[90m ts(6133): [0m'stages' is declared but its value is never read.

[7m2[0m import { stages, SAVE_KEY, type Kind } from '../../src/games/model';
[7m [0m [93m         ~~~~~~[0m
[96mtests/games/browser.spec.ts[0m:[93m1[0m:[93m26[0m - [93mwarning[0m[90m ts(6133): [0m'Page' is declared but its value is never read.

[7m1[0m import {test,expect,type Page} from '@playwright/test';
[7m [0m [93m                         ~~~~[0m

Result (41 files): 
- 0 errors
- 0 warnings
- 5 hints

npm notice
npm notice New major version of npm available! 11.9.0 -> 12.2.0
npm notice Changelog: https://github.com/npm/cli/releases/tag/v12.2.0
npm notice To update run: npm install -g npm@12.2.0
npm notice

> pocketey-japan@0.1.0 check:games
> tsc --noEmit -p tsconfig.games.json

npm notice
npm notice New major version of npm available! 11.9.0 -> 12.2.0
npm notice Changelog: https://github.com/npm/cli/releases/tag/v12.2.0
npm notice To update run: npm install -g npm@12.2.0
npm notice

> pocketey-japan@0.1.0 test
> tsx --test tests/games/model.test.ts

✔ fixed-step accumulator yields same movement and jump at 30/60/120 Hz (3.901697ms)
✔ coyote jump after leaving edge works, late jump cannot fly (0.22309ms)
✔ buffered jump launches on landing, pressing in air does not double jump (0.241447ms)
✔ fall and pillar collision fail, raised-platform sides are solid (0.64145ms)
✔ all stages are feasible with ordinary movement and jumps in simulation (9.128538ms)
✔ save sanitation tolerates corrupt values and bounds unlocks (0.424939ms)
✔ Orbit side pillars block fixed-edge bypasses while alternating routes remain feasible (1.496235ms)
✔ course refresh retains legacy records and separates challenge records (0.241608ms)
✔ each gap has a usable running-jump window, including edge-spike combinations (8.230978ms)
ℹ tests 9
ℹ suites 0
ℹ pass 9
ℹ fail 0
ℹ cancelled 0
ℹ skipped 0
ℹ todo 0
ℹ duration_ms 146.051221
npm notice
npm notice New major version of npm available! 11.9.0 -> 12.2.0
npm notice Changelog: https://github.com/npm/cli/releases/tag/v12.2.0
npm notice To update run: npm install -g npm@12.2.0
npm notice

> pocketey-japan@0.1.0 build
> astro build && node scripts/check-portal.mjs

18:49:55 [content] Syncing content
18:49:55 [content] Synced content
18:49:55 [types] Generated 30ms
18:49:55 [build] output: "static"
18:49:55 [build] mode: "static"
18:49:55 [build] directory: /workspace/pocketey-portal/dist/
18:49:55 [build] Collecting build info...
18:49:55 [build] ✓ Completed in 44ms.
18:49:55 [build] Building static entrypoints...
18:49:55 [vite] ✓ built in 617ms
18:49:55 [build] ✓ Completed in 645ms.

 building client (vite) 
18:49:55 [vite] transforming...
18:49:56 [vite] ✓ 15 modules transformed.
18:49:56 [vite] rendering chunks...
18:49:57 [vite] computing gzip size...
18:49:57 [vite] dist/_astro/BaseLayout.astro_astro_type_script_index_0_lang.f-Bx0cor.js    0.05 kB │ gzip:   0.07 kB
18:49:57 [vite] dist/_astro/locale.B1rKA6B7.js                                             1.48 kB │ gzip:   0.66 kB
18:49:57 [vite] dist/_astro/contact.astro_astro_type_script_index_0_lang.DVY2PwA7.js       3.99 kB │ gzip:   2.00 kB
18:49:57 [vite] dist/_astro/ActionGame.astro_astro_type_script_index_0_lang.BE_kFgy_.js  674.41 kB │ gzip: 176.29 kB
18:49:57 [WARN] [vite] 
(!) Some chunks are larger than 500 kB after minification. Consider:
- Using dynamic import() to code-split the application
- Use build.rollupOptions.output.manualChunks to improve chunking: https://rollupjs.org/configuration-options/#output-manualchunks
- Adjust chunk size limit for this warning via build.chunkSizeWarningLimit.
18:49:57 [vite] ✓ built in 1.24s

 generating static routes 
18:49:57 ▶ src/pages/404.astro
18:49:57   └─ /404.html (+12ms) 
18:49:57 ▶ src/pages/about/index.astro
18:49:57   └─ /about/index.html (+2ms) 
18:49:57 ▶ src/pages/contact.astro
18:49:57   └─ /contact/index.html (+2ms) 
18:49:57 ▶ src/pages/games/amber-step.astro
18:49:57   └─ /games/amber-step/index.html (+1ms) 
18:49:57 ▶ src/pages/games/index.astro
18:49:57   └─ /games/index.html (+2ms) 
18:49:57 ▶ src/pages/games/orbit-ribbon.astro
18:49:57   └─ /games/orbit-ribbon/index.html (+1ms) 
18:49:57 ▶ src/pages/index.astro
18:49:57   └─ /index.html (+3ms) 
18:49:57 ▶ src/pages/privacy/index.astro
18:49:57   └─ /privacy/index.html (+4ms) 
18:49:57 ✓ Completed in 44ms.

18:49:57 [@astrojs/sitemap] `sitemap-index.xml` created at `dist`
18:49:57 [build] 8 page(s) built in 2.00s
18:49:57 [build] Complete!
Portal routes and retirement guard passed.
npm notice
npm notice New major version of npm available! 11.9.0 -> 12.2.0
npm notice Changelog: https://github.com/npm/cli/releases/tag/v12.2.0
npm notice To update run: npm install -g npm@12.2.0
npm notice
{"delta":{"totalBytes":518177,"gzipBytes":162771,"jsBytes":127966,"jsGzipBytes":35735},"firstLoad":{"space":{"bytes":46444,"gzipBytes":13395},"platformer":{"bytes":302108,"gzipBytes":73788}}}
