orbit-ribbon none 45.63894523326573 10.016988960526316 {
  'drawElements:2160:1': 128,
  'drawElementsInstanced:36:4': 64,
  'drawElementsInstanced:36:53': 64,
  'drawElementsInstanced:36:20': 64,
  'drawElements:2304:1': 64,
  'drawElements:960:1': 64,
  'drawElements:504:1': 64,
  'drawArrays:220:1': 64,
  'drawElements:240:1': 64,
  'drawElements:231:1': 64,
  'drawElements:78:1': 64,
  'drawElements:291:1': 64,
  'drawElementsInstanced:120:26': 64,
  'drawElementsInstanced:60:26': 64,
  'drawElementsInstanced:48:26': 64,
  'drawElementsInstanced:204:13': 64,
  'drawElementsInstanced:450:7': 64,
  'drawElementsInstanced:66:7': 64,
  'drawElements:60:1': 64
}
orbit-ribbon sky-sun 48.80390431234498 10.116798592105264 {
  'drawElements:2160:1': 142,
  'drawElementsInstanced:36:4': 71,
  'drawElementsInstanced:36:53': 71,
  'drawElementsInstanced:36:20': 71,
  'drawElements:2304:1': 71,
  'drawElements:960:1': 71,
  'drawElements:504:1': 71,
  'drawArrays:220:1': 71,
  'drawElements:240:1': 71,
  'drawElements:231:1': 71,
  'drawElements:78:1': 71,
  'drawElements:291:1': 71,
  'drawElementsInstanced:120:26': 71,
  'drawElementsInstanced:60:26': 71,
  'drawElementsInstanced:48:26': 71,
  'drawElementsInstanced:204:13': 71,
  'drawElementsInstanced:450:7': 71,
  'drawElementsInstanced:66:7': 71,
  'drawElements:60:1': 71
}
orbit-ribbon hills-clouds 46.67055587965663 12.31969890140845 {
  'drawElements:2160:1': 132,
  'drawElementsInstanced:36:4': 66,
  'drawElementsInstanced:36:53': 66,
  'drawElementsInstanced:36:20': 66,
  'drawElements:2304:1': 66,
  'drawElements:960:1': 66,
  'drawElements:504:1': 66,
  'drawArrays:220:1': 66,
  'drawElements:240:1': 66,
  'drawElements:231:1': 66,
  'drawElements:78:1': 66,
  'drawElements:291:1': 66,
  'drawElementsInstanced:120:26': 66,
  'drawElementsInstanced:60:26': 66,
  'drawElementsInstanced:48:26': 66,
  'drawElementsInstanced:204:13': 66,
  'drawElementsInstanced:450:7': 66,
  'drawElementsInstanced:66:7': 66,
  'drawElements:60:1': 66
}
orbit-ribbon character 39.40533763209743 15.38752592982456 {
  'drawElements:2160:1': 108,
  'drawElementsInstanced:36:4': 54,
  'drawElementsInstanced:36:53': 54,
  'drawElementsInstanced:36:20': 54,
  'drawElements:2304:1': 54,
  'drawElements:960:1': 54,
  'drawElements:504:1': 54,
  'drawArrays:220:1': 54,
  'drawElements:240:1': 54,
  'drawElements:231:1': 54,
  'drawElements:78:1': 54,
  'drawElements:291:1': 54,
  'drawElementsInstanced:120:26': 54,
  'drawElementsInstanced:60:26': 54,
  'drawElementsInstanced:48:26': 54,
  'drawElementsInstanced:204:13': 54,
  'drawElementsInstanced:450:7': 54,
  'drawElementsInstanced:66:7': 54,
  'drawElements:60:1': 54
}
orbit-ribbon all-imported 33.84875759673821 9.266253272727273 {
  'drawElements:2160:1': 108,
  'drawElementsInstanced:36:4': 54,
  'drawElementsInstanced:36:53': 54,
  'drawElementsInstanced:36:20': 54,
  'drawElements:2304:1': 54,
  'drawElements:960:1': 54,
  'drawElements:504:1': 54,
  'drawArrays:220:1': 54,
  'drawElements:240:1': 54,
  'drawElements:231:1': 54,
  'drawElements:78:1': 54,
  'drawElements:291:1': 54,
  'drawElementsInstanced:120:26': 54,
  'drawElementsInstanced:60:26': 54,
  'drawElementsInstanced:48:26': 54,
  'drawElementsInstanced:204:13': 54,
  'drawElementsInstanced:450:7': 54,
  'drawElementsInstanced:66:7': 54,
  'drawElements:60:1': 54
}
amber-step none 27.568312657098836 24.20458952083333 {
  'drawElements:2160:1': 88,
  'drawElementsInstanced:36:23': 44,
  'drawElementsInstanced:36:24': 44,
  'drawElementsInstanced:504:1': 792,
  'drawElementsInstanced:300:18': 44,
  'drawElementsInstanced:276:16': 44,
  'drawElements:2814:1': 44,
  'drawElementsInstanced:1224:20': 44,
  'drawElementsInstanced:300:20': 44,
  'drawElementsInstanced:792:14': 44,
  'drawElements:60:1': 44
}
amber-step sky-sun 32.95867489225049 20.599873584905662 {
  'drawElements:2160:1': 98,
  'drawElementsInstanced:36:23': 49,
  'drawElementsInstanced:36:24': 49,
  'drawElementsInstanced:504:1': 882,
  'drawElementsInstanced:300:18': 49,
  'drawElements:2814:1': 49,
  'drawElementsInstanced:276:16': 49,
  'drawElementsInstanced:1224:20': 49,
  'drawElementsInstanced:300:20': 49,
  'drawElementsInstanced:792:14': 49,
  'drawElements:60:1': 49
}
amber-step hills-clouds 36.166365280289334 16.31561125925926 {
  'drawElements:2160:1': 108,
  'drawElementsInstanced:36:23': 54,
  'drawElementsInstanced:36:24': 54,
  'drawElementsInstanced:504:1': 972,
  'drawElementsInstanced:300:18': 54,
  'drawElements:2814:1': 54,
  'drawElementsInstanced:276:16': 54,
  'drawElementsInstanced:1224:20': 54,
  'drawElementsInstanced:300:20': 54,
  'drawElementsInstanced:792:14': 54,
  'drawElements:60:1': 54
}
amber-step character 28.65842736879814 29.213947046511628 {
  'drawElements:2160:1': 84,
  'drawElementsInstanced:36:23': 42,
  'drawElementsInstanced:36:24': 42,
  'drawElementsInstanced:504:1': 756,
  'drawElementsInstanced:300:18': 42,
  'drawElements:2814:1': 42,
  'drawElementsInstanced:792:14': 42,
  'drawElementsInstanced:1224:20': 42,
  'drawElementsInstanced:300:20': 42,
  'drawElementsInstanced:276:16': 42,
  'drawElements:60:1': 42
}
amber-step all-imported 54.32579258898888 10.984715369565217 {
  'drawElements:2160:1': 154,
  'drawElementsInstanced:36:23': 77,
  'drawElementsInstanced:36:24': 77,
  'drawElementsInstanced:504:1': 1386,
  'drawElementsInstanced:300:18': 77,
  'drawElements:2814:1': 77,
  'drawElementsInstanced:1224:20': 77,
  'drawElementsInstanced:276:16': 77,
  'drawElementsInstanced:792:14': 77,
  'drawElementsInstanced:300:20': 77,
  'drawElements:60:1': 77
}
