
> pocketey-japan@0.1.0 build
> astro build && node scripts/check-portal.mjs

08:05:43 [content] Syncing content
08:05:43 [content] Synced content
08:05:43 [types] Generated 32ms
08:05:43 [build] output: "static"
08:05:43 [build] mode: "static"
08:05:43 [build] directory: /workspace/pocketey-portal/dist/
08:05:43 [build] Collecting build info...
08:05:43 [build] ✓ Completed in 54ms.
08:05:43 [build] Building static entrypoints...
08:05:44 [vite] ✓ built in 786ms
08:05:44 [build] ✓ Completed in 821ms.

 building client (vite) 
08:05:44 [vite] transforming...
08:05:45 [vite] ✓ 27 modules transformed.
08:05:45 [vite] rendering chunks...
08:05:45 [vite] computing gzip size...
08:05:45 [vite] dist/_astro/BaseLayout.astro_astro_type_script_index_0_lang.f-Bx0cor.js     0.05 kB │ gzip:   0.07 kB
08:05:45 [vite] dist/_astro/locale.B1rKA6B7.js                                              1.48 kB │ gzip:   0.66 kB
08:05:45 [vite] dist/_astro/contact.astro_astro_type_script_index_0_lang.DVY2PwA7.js        3.99 kB │ gzip:   2.00 kB
08:05:45 [vite] dist/_astro/tilttrail.astro_astro_type_script_index_0_lang.BgyedTxN.js     15.23 kB │ gzip:   6.76 kB
08:05:45 [vite] dist/_astro/pulse-drift.astro_astro_type_script_index_0_lang.D0LI-8zU.js   20.40 kB │ gzip:   8.92 kB
08:05:45 [vite] dist/_astro/ActionGame.astro_astro_type_script_index_0_lang.C9_33PhS.js    82.70 kB │ gzip:  28.42 kB
08:05:45 [vite] dist/_astro/three.module.CGxUmvrd.js                                      639.66 kB │ gzip: 164.61 kB
08:05:45 [WARN] [vite] 
(!) Some chunks are larger than 500 kB after minification. Consider:
- Using dynamic import() to code-split the application
- Use build.rollupOptions.output.manualChunks to improve chunking: https://rollupjs.org/configuration-options/#output-manualchunks
- Adjust chunk size limit for this warning via build.chunkSizeWarningLimit.
08:05:45 [vite] ✓ built in 1.29s

 generating static routes 
08:05:45 ▶ src/pages/404.astro
08:05:45   └─ /404.html (+9ms) 
08:05:45 ▶ src/pages/about/index.astro
08:05:45   └─ /about/index.html (+2ms) 
08:05:45 ▶ src/pages/contact.astro
08:05:45   └─ /contact/index.html (+2ms) 
08:05:45 ▶ src/pages/games/amber-step.astro
08:05:45   └─ /games/amber-step/index.html (+2ms) 
08:05:45 ▶ src/pages/games/index.astro
08:05:45   └─ /games/index.html (+3ms) 
08:05:45 ▶ src/pages/games/orbit-ribbon.astro
08:05:45   └─ /games/orbit-ribbon/index.html (+1ms) 
08:05:45 ▶ src/pages/games/pulse-drift.astro
08:05:45   └─ /games/pulse-drift/index.html (+1ms) 
08:05:45 ▶ src/pages/games/tilttrail.astro
08:05:45   └─ /games/tilttrail/index.html (+1ms) 
08:05:45 ▶ src/pages/index.astro
08:05:45   └─ /index.html (+2ms) 
08:05:45 ▶ src/pages/privacy/index.astro
08:05:45   └─ /privacy/index.html (+2ms) 
08:05:45 ▶ /games/prototypes/tilttrail
08:05:45   └─ /games/prototypes/tilttrail/index.html (+1ms) 
08:05:45 ▶ /prototypes/pulse-drift
08:05:45   └─ /prototypes/pulse-drift/index.html (+1ms) 
08:05:45 ✓ Completed in 42ms.

08:05:45 [@astrojs/sitemap] `sitemap-index.xml` created at `dist`
08:05:45 [build] 10 page(s) built in 2.23s
08:05:45 [build] Complete!
Portal routes and retirement guard passed.
npm notice
npm notice New major version of npm available! 11.9.0 -> 12.2.0
npm notice Changelog: https://github.com/npm/cli/releases/tag/v12.2.0
npm notice To update run: npm install -g npm@12.2.0
npm notice
