
> pocketey-japan@0.1.0 build
> astro build && node scripts/check-portal.mjs

10:11:38 [vite] Re-optimizing dependencies because vite config has changed
10:11:38 [content] Syncing content
10:11:38 [content] Synced content
10:11:38 [types] Generated 125ms
10:11:38 [build] output: "static"
10:11:38 [build] mode: "static"
10:11:38 [build] directory: /workspace/pocketey-portal/dist/
10:11:38 [build] Collecting build info...
10:11:38 [build] ✓ Completed in 143ms.
10:11:38 [build] Building static entrypoints...
10:11:39 [vite] ✓ built in 909ms
10:11:39 [build] ✓ Completed in 943ms.

 building client (vite)
10:11:39 [vite] transforming...
10:11:40 [vite] ✓ 29 modules transformed.
10:11:40 [vite] rendering chunks...
10:11:41 [vite] computing gzip size...
10:11:41 [vite] dist/_astro/BaseLayout.astro_astro_type_script_index_0_lang.f-Bx0cor.js     0.05 kB │ gzip:   0.07 kB
10:11:41 [vite] dist/_astro/locale.B1rKA6B7.js                                              1.48 kB │ gzip:   0.66 kB
10:11:41 [vite] dist/_astro/contact.astro_astro_type_script_index_0_lang.DVY2PwA7.js        3.99 kB │ gzip:   2.00 kB
10:11:41 [vite] dist/_astro/tilttrail.astro_astro_type_script_index_0_lang.C79MUzUd.js     17.59 kB │ gzip:   7.79 kB
10:11:41 [vite] dist/_astro/pulse-drift.astro_astro_type_script_index_0_lang.CCbnWBxE.js   20.38 kB │ gzip:   8.90 kB
10:11:41 [vite] dist/_astro/ActionGame.astro_astro_type_script_index_0_lang.DrTCjpvu.js    35.34 kB │ gzip:  14.72 kB
10:11:41 [vite] dist/_astro/GLTFLoader.BbPmgFCp.js                                         49.59 kB │ gzip:  14.72 kB
10:11:41 [vite] dist/_astro/three.module.DmQJ5zhP.js                                      641.62 kB │ gzip: 164.71 kB
10:11:41 [WARN] [vite]
(!) Some chunks are larger than 500 kB after minification. Consider:
- Using dynamic import() to code-split the application
- Use build.rollupOptions.output.manualChunks to improve chunking: https://rollupjs.org/configuration-options/#output-manualchunks
- Adjust chunk size limit for this warning via build.chunkSizeWarningLimit.
10:11:41 [vite] ✓ built in 1.60s

 generating static routes
10:11:41 ▶ src/pages/404.astro
10:11:41   └─ /404.html (+13ms)
10:11:41 ▶ src/pages/about/index.astro
10:11:41   └─ /about/index.html (+2ms)
10:11:41 ▶ src/pages/contact.astro
10:11:41   └─ /contact/index.html (+2ms)
10:11:41 ▶ src/pages/games/amber-step.astro
10:11:41   └─ /games/amber-step/index.html (+2ms)
10:11:41 ▶ src/pages/games/index.astro
10:11:41   └─ /games/index.html (+3ms)
10:11:41 ▶ src/pages/games/orbit-ribbon.astro
10:11:41   └─ /games/orbit-ribbon/index.html (+2ms)
10:11:41 ▶ src/pages/games/pulse-drift.astro
10:11:41   └─ /games/pulse-drift/index.html (+2ms)
10:11:41 ▶ src/pages/games/tilttrail.astro
10:11:41   └─ /games/tilttrail/index.html (+1ms)
10:11:41 ▶ src/pages/index.astro
10:11:41   └─ /index.html (+3ms)
10:11:41 ▶ src/pages/privacy/index.astro
10:11:41   └─ /privacy/index.html (+3ms)
10:11:41 ▶ /games/prototypes/tilttrail
10:11:41   └─ /games/prototypes/tilttrail/index.html (+1ms)
10:11:41 ▶ /prototypes/pulse-drift
10:11:41   └─ /prototypes/pulse-drift/index.html (+1ms)
10:11:41 ✓ Completed in 55ms.

10:11:41 [@astrojs/sitemap] `sitemap-index.xml` created at `dist`
10:11:41 [build] 10 page(s) built in 2.78s
10:11:41 [build] Complete!
Portal routes and retirement guard passed.
npm notice
npm notice New major version of npm available! 11.9.0 -> 12.2.0
npm notice Changelog: https://github.com/npm/cli/releases/tag/v12.2.0
npm notice To update run: npm install -g npm@12.2.0
npm notice
